[    0.000000] Linux version 4.15.0-122-generic (buildd@lgw01-amd64-036) (gcc version 7.5.0 (Ubuntu 7.5.0-3ubuntu1~18.04)) #124-Ubuntu SMP Thu Oct 15 13:03:05 UTC 2020 (Ubuntu 4.15.0-122.124-generic 4.15.18)
[    0.000000] Command line: BOOT_IMAGE=/boot/vmlinuz-4.15.0-122-generic root=LABEL=cloudimg-rootfs ro console=tty1 console=ttyS0
[    0.000000] KERNEL supported cpus:
[    0.000000]   Intel GenuineIntel
[    0.000000]   AMD AuthenticAMD
[    0.000000]   Centaur CentaurHauls
[    0.000000] x86/fpu: Supporting XSAVE feature 0x001: 'x87 floating point registers'
[    0.000000] x86/fpu: Supporting XSAVE feature 0x002: 'SSE registers'
[    0.000000] x86/fpu: Supporting XSAVE feature 0x004: 'AVX registers'
[    0.000000] x86/fpu: xstate_offset[2]:  576, xstate_sizes[2]:  256
[    0.000000] x86/fpu: Enabled xstate features 0x7, context size is 832 bytes, using 'standard' format.
[    0.000000] e820: BIOS-provided physical RAM map:
[    0.000000] BIOS-e820: [mem 0x0000000000000000-0x000000000009fbff] usable
[    0.000000] BIOS-e820: [mem 0x000000000009fc00-0x000000000009ffff] reserved
[    0.000000] BIOS-e820: [mem 0x00000000000f0000-0x00000000000fffff] reserved
[    0.000000] BIOS-e820: [mem 0x0000000000100000-0x000000007ffeffff] usable
[    0.000000] BIOS-e820: [mem 0x000000007fff0000-0x000000007fffffff] ACPI data
[    0.000000] BIOS-e820: [mem 0x00000000fec00000-0x00000000fec00fff] reserved
[    0.000000] BIOS-e820: [mem 0x00000000fee00000-0x00000000fee00fff] reserved
[    0.000000] BIOS-e820: [mem 0x00000000fffc0000-0x00000000ffffffff] reserved
[    0.000000] NX (Execute Disable) protection: active
[    0.000000] SMBIOS 2.5 present.
[    0.000000] DMI: innotek GmbH VirtualBox/VirtualBox, BIOS VirtualBox 12/01/2006
[    0.000000] Hypervisor detected: KVM
[    0.000000] e820: last_pfn = 0x7fff0 max_arch_pfn = 0x400000000
[    0.000000] MTRR: Disabled
[    0.000000] x86/PAT: MTRRs disabled, skipping PAT initialization too.
[    0.000000] CPU MTRRs all blank - virtualized system.
[    0.000000] x86/PAT: Configuration [0-7]: WB  WT  UC- UC  WB  WT  UC- UC  
[    0.000000] found SMP MP-table at [mem 0x0009fff0-0x0009ffff]
[    0.000000] Scanning 1 areas for low memory corruption
[    0.000000] RAMDISK: [mem 0x35a6b000-0x36d2cfff]
[    0.000000] ACPI: Early table checksum verification disabled
[    0.000000] ACPI: RSDP 0x00000000000E0000 000024 (v02 VBOX  )
[    0.000000] ACPI: XSDT 0x000000007FFF0030 00003C (v01 VBOX   VBOXXSDT 00000001 ASL  00000061)
[    0.000000] ACPI: FACP 0x000000007FFF00F0 0000F4 (v04 VBOX   VBOXFACP 00000001 ASL  00000061)
[    0.000000] ACPI: DSDT 0x000000007FFF0470 002325 (v02 VBOX   VBOXBIOS 00000002 INTL 20120111)
[    0.000000] ACPI: FACS 0x000000007FFF0200 000040
[    0.000000] ACPI: FACS 0x000000007FFF0200 000040
[    0.000000] ACPI: APIC 0x000000007FFF0240 00005C (v02 VBOX   VBOXAPIC 00000001 ASL  00000061)
[    0.000000] ACPI: SSDT 0x000000007FFF02A0 0001CC (v01 VBOX   VBOXCPUT 00000002 INTL 20120111)
[    0.000000] No NUMA configuration found
[    0.000000] Faking a node at [mem 0x0000000000000000-0x000000007ffeffff]
[    0.000000] NODE_DATA(0) allocated [mem 0x7ffc5000-0x7ffeffff]
[    0.000000] kvm-clock: cpu 0, msr 0:7ff44001, primary cpu clock
[    0.000000] kvm-clock: Using msrs 4b564d01 and 4b564d00
[    0.000000] kvm-clock: using sched offset of 3627340293 cycles
[    0.000000] clocksource: kvm-clock: mask: 0xffffffffffffffff max_cycles: 0x1cd42e4dffb, max_idle_ns: 881590591483 ns
[    0.000000] Zone ranges:
[    0.000000]   DMA      [mem 0x0000000000001000-0x0000000000ffffff]
[    0.000000]   DMA32    [mem 0x0000000001000000-0x000000007ffeffff]
[    0.000000]   Normal   empty
[    0.000000]   Device   empty
[    0.000000] Movable zone start for each node
[    0.000000] Early memory node ranges
[    0.000000]   node   0: [mem 0x0000000000001000-0x000000000009efff]
[    0.000000]   node   0: [mem 0x0000000000100000-0x000000007ffeffff]
[    0.000000] Reserved but unavailable: 98 pages
[    0.000000] Initmem setup node 0 [mem 0x0000000000001000-0x000000007ffeffff]
[    0.000000] ACPI: PM-Timer IO Port: 0x4008
[    0.000000] IOAPIC[0]: apic_id 2, version 32, address 0xfec00000, GSI 0-23
[    0.000000] ACPI: INT_SRC_OVR (bus 0 bus_irq 0 global_irq 2 dfl dfl)
[    0.000000] ACPI: INT_SRC_OVR (bus 0 bus_irq 9 global_irq 9 low level)
[    0.000000] Using ACPI (MADT) for SMP configuration information
[    0.000000] smpboot: Allowing 2 CPUs, 0 hotplug CPUs
[    0.000000] PM: Registered nosave memory: [mem 0x00000000-0x00000fff]
[    0.000000] PM: Registered nosave memory: [mem 0x0009f000-0x0009ffff]
[    0.000000] PM: Registered nosave memory: [mem 0x000a0000-0x000effff]
[    0.000000] PM: Registered nosave memory: [mem 0x000f0000-0x000fffff]
[    0.000000] e820: [mem 0x80000000-0xfebfffff] available for PCI devices
[    0.000000] Booting paravirtualized kernel on KVM
[    0.000000] clocksource: refined-jiffies: mask: 0xffffffff max_cycles: 0xffffffff, max_idle_ns: 7645519600211568 ns
[    0.000000] random: get_random_bytes called from start_kernel+0x99/0x500 with crng_init=0
[    0.000000] setup_percpu: NR_CPUS:8192 nr_cpumask_bits:2 nr_cpu_ids:2 nr_node_ids:1
[    0.000000] percpu: Embedded 45 pages/cpu s147456 r8192 d28672 u1048576
[    0.000000] PV qspinlock hash table entries: 256 (order: 0, 4096 bytes)
[    0.000000] Built 1 zonelists, mobility grouping on.  Total pages: 515961
[    0.000000] Policy zone: DMA32
[    0.000000] Kernel command line: BOOT_IMAGE=/boot/vmlinuz-4.15.0-122-generic root=LABEL=cloudimg-rootfs ro console=tty1 console=ttyS0
[    0.000000] Memory: 2015232K/2096696K available (12300K kernel code, 2482K rwdata, 4272K rodata, 2436K init, 2724K bss, 81464K reserved, 0K cma-reserved)
[    0.000000] SLUB: HWalign=64, Order=0-3, MinObjects=0, CPUs=2, Nodes=1
[    0.000000] Kernel/User page tables isolation: enabled
[    0.000000] ftrace: allocating 39402 entries in 154 pages
[    0.004000] Hierarchical RCU implementation.
[    0.004000] 	RCU restricting CPUs from NR_CPUS=8192 to nr_cpu_ids=2.
[    0.004000] 	Tasks RCU enabled.
[    0.004000] RCU: Adjusting geometry for rcu_fanout_leaf=16, nr_cpu_ids=2
[    0.004000] NR_IRQS: 524544, nr_irqs: 440, preallocated irqs: 16
[    0.004000] Console: colour VGA+ 80x25
[    0.004000] console [tty1] enabled
[    0.004000] console [ttyS0] enabled
[    0.004000] ACPI: Core revision 20170831
[    0.004000] ACPI: 2 ACPI AML tables successfully acquired and loaded
[    0.004000] APIC: Switch to symmetric I/O mode setup
[    0.004000] x2apic enabled
[    0.004000] Switched APIC routing to physical x2apic.
[    0.004000] ..TIMER: vector=0x30 apic1=0 pin1=2 apic2=-1 pin2=-1
[    0.004004] tsc: Detected 1996.799 MHz processor
[    0.004821] Calibrating delay loop (skipped) preset value.. 3993.59 BogoMIPS (lpj=7987196)
[    0.005476] pid_max: default: 32768 minimum: 301
[    0.006328] Security Framework initialized
[    0.008002] Yama: becoming mindful.
[    0.008743] AppArmor: AppArmor initialized
[    0.010859] Dentry cache hash table entries: 262144 (order: 9, 2097152 bytes)
[    0.013192] Inode-cache hash table entries: 131072 (order: 8, 1048576 bytes)
[    0.014451] Mount-cache hash table entries: 4096 (order: 3, 32768 bytes)
[    0.016006] Mountpoint-cache hash table entries: 4096 (order: 3, 32768 bytes)
[    0.017488] Last level iTLB entries: 4KB 0, 2MB 0, 4MB 0
[    0.018430] Last level dTLB entries: 4KB 0, 2MB 0, 4MB 0, 1GB 0
[    0.020003] Spectre V1 : Mitigation: usercopy/swapgs barriers and __user pointer sanitization
[    0.021517] Spectre V2 : Mitigation: Full generic retpoline
[    0.022484] Spectre V2 : Spectre v2 / SpectreRSB mitigation: Filling RSB on context switch
[    0.023994] Speculative Store Bypass: Vulnerable
[    0.024041] MDS: Mitigation: Clear CPU buffers
[    0.025028] Freeing SMP alternatives memory: 36K
[    0.137086] smpboot: CPU0: Intel(R) Core(TM) i5-1038NG7 CPU @ 2.00GHz (family: 0x6, model: 0x7e, stepping: 0x5)
[    0.139103] Performance Events: unsupported p6 CPU model 126 no PMU driver, software events only.
[    0.140000] Hierarchical SRCU implementation.
[    0.140628] NMI watchdog: Perf event create on CPU 0 failed with -2
[    0.141753] NMI watchdog: Perf NMI watchdog permanently disabled
[    0.142859] smp: Bringing up secondary CPUs ...
[    0.144071] x86: Booting SMP configuration:
[    0.144855] .... node  #0, CPUs:      #1
[    0.004000] kvm-clock: cpu 1, msr 0:7ff44041, secondary cpu clock
[    0.148020] smp: Brought up 1 node, 2 CPUs
[    0.148747] smpboot: Max logical packages: 1
[    0.149515] smpboot: Total of 2 processors activated (7987.19 BogoMIPS)
[    0.152046] devtmpfs: initialized
[    0.152700] x86/mm: Memory block size: 128MB
[    0.153678] evm: security.selinux
[    0.154330] evm: security.SMACK64
[    0.154942] evm: security.SMACK64EXEC
[    0.155648] evm: security.SMACK64TRANSMUTE
[    0.156003] evm: security.SMACK64MMAP
[    0.156679] evm: security.apparmor
[    0.157349] evm: security.ima
[    0.157914] evm: security.capability
[    0.158675] clocksource: jiffies: mask: 0xffffffff max_cycles: 0xffffffff, max_idle_ns: 7645041785100000 ns
[    0.160009] futex hash table entries: 512 (order: 3, 32768 bytes)
[    0.161181] pinctrl core: initialized pinctrl subsystem
[    0.162242] RTC time: 21:56:51, date: 11/24/20
[    0.164116] NET: Registered protocol family 16
[    0.164986] audit: initializing netlink subsys (disabled)
[    0.166039] audit: type=2000 audit(1606255017.301:1): state=initialized audit_enabled=0 res=1
[    0.166039] cpuidle: using governor ladder
[    0.168007] cpuidle: using governor menu
[    0.168754] ACPI: bus type PCI registered
[    0.169510] acpiphp: ACPI Hot Plug PCI Controller Driver version: 0.5
[    0.170740] PCI: Using configuration type 1 for base access
[    0.173213] HugeTLB registered 2.00 MiB page size, pre-allocated 0 pages
[    0.176089] ACPI: Added _OSI(Module Device)
[    0.176878] ACPI: Added _OSI(Processor Device)
[    0.177668] ACPI: Added _OSI(3.0 _SCP Extensions)
[    0.178508] ACPI: Added _OSI(Processor Aggregator Device)
[    0.180003] ACPI: Added _OSI(Linux-Dell-Video)
[    0.180865] ACPI: Added _OSI(Linux-Lenovo-NV-HDMI-Audio)
[    0.181830] ACPI: Added _OSI(Linux-HPI-Hybrid-Graphics)
[    0.183098] ACPI: Executed 1 blocks of module-level executable AML code
[    0.186718] ACPI: Interpreter enabled
[    0.187444] ACPI: (supports S0 S5)
[    0.188002] ACPI: Using IOAPIC for interrupt routing
[    0.189127] PCI: Using host bridge windows from ACPI; if necessary, use "pci=nocrs" and report a bug
[    0.190907] ACPI: Enabled 2 GPEs in block 00 to 07
[    0.197340] ACPI: PCI Root Bridge [PCI0] (domain 0000 [bus 00-ff])
[    0.198472] acpi PNP0A03:00: _OSC: OS supports [ASPM ClockPM Segments MSI]
[    0.200384] acpi PNP0A03:00: _OSC: not requesting OS control; OS requires [ExtendedConfig ASPM ClockPM MSI]
[    0.202150] acpi PNP0A03:00: fail to add MMCONFIG information, can't access extended PCI configuration space under this bridge.
[    0.204421] PCI host bridge to bus 0000:00
[    0.205236] pci_bus 0000:00: root bus resource [io  0x0000-0x0cf7 window]
[    0.206423] pci_bus 0000:00: root bus resource [io  0x0d00-0xffff window]
[    0.208002] pci_bus 0000:00: root bus resource [mem 0x000a0000-0x000bffff window]
[    0.209391] pci_bus 0000:00: root bus resource [mem 0x80000000-0xfdffffff window]
[    0.210738] pci_bus 0000:00: root bus resource [bus 00-ff]
[    0.214277] pci 0000:00:01.1: legacy IDE quirk: reg 0x10: [io  0x01f0-0x01f7]
[    0.215503] pci 0000:00:01.1: legacy IDE quirk: reg 0x14: [io  0x03f6]
[    0.216002] pci 0000:00:01.1: legacy IDE quirk: reg 0x18: [io  0x0170-0x0177]
[    0.217274] pci 0000:00:01.1: legacy IDE quirk: reg 0x1c: [io  0x0376]
[    0.238712] pci 0000:00:07.0: quirk: [io  0x4000-0x403f] claimed by PIIX4 ACPI
[    0.240019] pci 0000:00:07.0: quirk: [io  0x4100-0x410f] claimed by PIIX4 SMB
[    0.254612] ACPI: PCI Interrupt Link [LNKA] (IRQs 5 9 10 *11)
[    0.255968] ACPI: PCI Interrupt Link [LNKB] (IRQs 5 9 *10 11)
[    0.256105] ACPI: PCI Interrupt Link [LNKC] (IRQs 5 *9 10 11)
[    0.257251] ACPI: PCI Interrupt Link [LNKD] (IRQs 5 9 10 *11)
[    0.258629] SCSI subsystem initialized
[    0.260046] pci 0000:00:02.0: vgaarb: setting as boot VGA device
[    0.261188] pci 0000:00:02.0: vgaarb: VGA device added: decodes=io+mem,owns=io+mem,locks=none
[    0.262715] pci 0000:00:02.0: vgaarb: bridge control possible
[    0.264008] vgaarb: loaded
[    0.264581] ACPI: bus type USB registered
[    0.265378] usbcore: registered new interface driver usbfs
[    0.266378] usbcore: registered new interface driver hub
[    0.267357] usbcore: registered new device driver usb
[    0.268052] EDAC MC: Ver: 3.0.0
[    0.268931] PCI: Using ACPI for IRQ routing
[    0.269133] NetLabel: Initializing
[    0.269804] NetLabel:  domain hash size = 128
[    0.272002] NetLabel:  protocols = UNLABELED CIPSOv4 CALIPSO
[    0.273012] NetLabel:  unlabeled traffic allowed by default
[    0.274082] clocksource: Switched to clocksource kvm-clock
[    0.284358] VFS: Disk quotas dquot_6.6.0
[    0.285123] VFS: Dquot-cache hash table entries: 512 (order 0, 4096 bytes)
[    0.286416] AppArmor: AppArmor Filesystem Enabled
[    0.287292] pnp: PnP ACPI init
[    0.289150] pnp: PnP ACPI: found 3 devices
[    0.298104] clocksource: acpi_pm: mask: 0xffffff max_cycles: 0xffffff, max_idle_ns: 2085701024 ns
[    0.299780] NET: Registered protocol family 2
[    0.300747] TCP established hash table entries: 16384 (order: 5, 131072 bytes)
[    0.302106] TCP bind hash table entries: 16384 (order: 6, 262144 bytes)
[    0.303336] TCP: Hash tables configured (established 16384 bind 16384)
[    0.305808] UDP hash table entries: 1024 (order: 3, 32768 bytes)
[    0.306890] UDP-Lite hash table entries: 1024 (order: 3, 32768 bytes)
[    0.308054] NET: Registered protocol family 1
[    0.308895] pci 0000:00:00.0: Limiting direct PCI/PCI transfers
[    0.309944] pci 0000:00:01.0: Activating ISA DMA hang workarounds
[    0.311081] pci 0000:00:02.0: Video device with shadowed ROM at [mem 0x000c0000-0x000dffff]
[    0.312681] Unpacking initramfs...
[    0.575655] Freeing initrd memory: 19208K
[    0.576550] clocksource: tsc: mask: 0xffffffffffffffff max_cycles: 0x3990bc5adef, max_idle_ns: 881590438240 ns
[    0.578334] platform rtc_cmos: registered platform RTC device (no PNP device found)
[    0.579744] Scanning for low memory corruption every 60 seconds
[    0.581444] Initialise system trusted keyrings
[    0.582267] Key type blacklist registered
[    0.583124] workingset: timestamp_bits=36 max_order=19 bucket_order=0
[    0.585062] zbud: loaded
[    0.586080] squashfs: version 4.0 (2009/01/31) Phillip Lougher
[    0.587345] fuse init (API version 7.26)
[    0.590037] Key type asymmetric registered
[    0.590839] Asymmetric key parser 'x509' registered
[    0.591745] Block layer SCSI generic (bsg) driver version 0.4 loaded (major 246)
[    0.593159] io scheduler noop registered
[    0.593895] io scheduler deadline registered
[    0.594684] io scheduler cfq registered (default)
[    0.596039] ACPI: AC Adapter [AC] (on-line)
[    0.596872] input: Power Button as /devices/LNXSYSTM:00/LNXPWRBN:00/input/input0
[    0.598320] ACPI: Power Button [PWRF]
[    0.599073] input: Sleep Button as /devices/LNXSYSTM:00/LNXSLPBN:00/input/input1
[    0.600552] ACPI: Sleep Button [SLPF]
[    0.602436] ACPI: Battery Slot [BAT0] (battery present)
[    0.603540] Serial: 8250/16550 driver, 32 ports, IRQ sharing enabled
[    0.625836] 00:02: ttyS0 at I/O 0x3f8 (irq = 4, base_baud = 115200) is a 16550A
[    0.629439] Linux agpgart interface v0.103
[    0.632820] loop: module loaded
[    0.633932] scsi host0: ata_piix
[    0.634652] scsi host1: ata_piix
[    0.635298] ata1: PATA max UDMA/33 cmd 0x1f0 ctl 0x3f6 bmdma 0xd000 irq 14
[    0.636540] ata2: PATA max UDMA/33 cmd 0x170 ctl 0x376 bmdma 0xd008 irq 15
[    0.638057] libphy: Fixed MDIO Bus: probed
[    0.639081] tun: Universal TUN/TAP device driver, 1.6
[    0.640306] PPP generic driver version 2.4.2
[    0.641287] ehci_hcd: USB 2.0 'Enhanced' Host Controller (EHCI) Driver
[    0.642563] ehci-pci: EHCI PCI platform driver
[    0.643430] ehci-platform: EHCI generic platform driver
[    0.644469] ohci_hcd: USB 1.1 'Open' Host Controller (OHCI) Driver
[    0.645725] ohci-pci: OHCI PCI platform driver
[    0.646573] ohci-platform: OHCI generic platform driver
[    0.647556] uhci_hcd: USB Universal Host Controller Interface driver
[    0.648822] i8042: PNP: PS/2 Controller [PNP0303:PS2K,PNP0f03:PS2M] at 0x60,0x64 irq 1,12
[    0.650862] serio: i8042 KBD port at 0x60,0x64 irq 1
[    0.651816] serio: i8042 AUX port at 0x60,0x64 irq 12
[    0.652906] mousedev: PS/2 mouse device common for all mice
[    0.654610] input: AT Translated Set 2 keyboard as /devices/platform/i8042/serio0/input/input2
[    0.656467] rtc_cmos rtc_cmos: rtc core: registered rtc_cmos as rtc0
[    0.657727] rtc_cmos rtc_cmos: alarms up to one day, 114 bytes nvram
[    0.659013] i2c /dev entries driver
[    0.659780] device-mapper: uevent: version 1.0.3
[    0.660847] device-mapper: ioctl: 4.37.0-ioctl (2017-09-20) initialised: dm-devel@redhat.com
[    0.662576] ledtrig-cpu: registered to indicate activity on CPUs
[    0.664178] NET: Registered protocol family 10
[    0.669622] Segment Routing with IPv6
[    0.670512] NET: Registered protocol family 17
[    0.671534] Key type dns_resolver registered
[    0.672932] mce: Using 0 MCE banks
[    0.673621] RAS: Correctable Errors collector initialized.
[    0.674687] sched_clock: Marking stable (672907386, 0)->(830713161, -157805775)
[    0.676962] registered taskstats version 1
[    0.677822] Loading compiled-in X.509 certificates
[    0.681411] Loaded X.509 cert 'Build time autogenerated kernel key: 1ac9abf9980c816fb9cfffb58ec8b2f33f2baf04'
[    0.683631] zswap: loaded using pool lzo/zbud
[    0.688581] Key type big_key registered
[    0.689516] Key type trusted registered
[    0.692602] Key type encrypted registered
[    0.693398] AppArmor: AppArmor sha1 policy hashing enabled
[    0.694615] ima: No TPM chip found, activating TPM-bypass! (rc=-19)
[    0.695937] ima: Allocated hash algorithm: sha1
[    0.696918] evm: HMAC attrs: 0x1
[    0.697875]   Magic number: 12:953:955
[    0.698657] memory memory8: hash matches
[    0.699480] rtc_cmos rtc_cmos: setting system clock to 2020-11-24 21:56:52 UTC (1606255012)
[    0.701432] BIOS EDD facility v0.16 2004-Jun-25, 0 devices found
[    0.702698] EDD information not available.
[    0.821967] Freeing unused kernel image memory: 2436K
[    1.124240] Write protecting the kernel read-only data: 20480k
[    1.129422] Freeing unused kernel image memory: 2008K
[    1.132410] Freeing unused kernel image memory: 1872K
[    1.142726] x86/mm: Checked W+X mappings: passed, no W+X pages found.
[    1.144623] x86/mm: Checking user space page tables
[    1.151832] x86/mm: Checked W+X mappings: passed, no W+X pages found.
Loading, please wait...
starting version 237
[    1.207785] e1000: Intel(R) PRO/1000 Network Driver - version 7.3.21-k8-NAPI
[    1.209600] e1000: Copyright (c) 1999-2006 Intel Corporation.
[    1.218608] Fusion MPT base driver 3.04.20
[    1.219578] Copyright (c) 1999-2008 LSI Corporation
[    1.223839] Fusion MPT SPI Host driver 3.04.20
[    1.233985] AVX2 version of gcm_enc/dec engaged.
[    1.234888] AES CTR mode by8 optimization enabled
[    1.425263] input: ImExPS/2 Generic Explorer Mouse as /devices/platform/i8042/serio1/input/input4
[    1.597249] e1000 0000:00:03.0 eth0: (PCI:33MHz:32-bit) 02:f1:7e:42:d9:00
[    1.598518] e1000 0000:00:03.0 eth0: Intel(R) PRO/1000 Network Connection
[    1.600788] mptbase: ioc0: Initiating bringup
[    1.712729] ioc0: LSI53C1030 A0: Capabilities={Initiator}
[    1.958500] scsi host2: ioc0: LSI53C1030 A0, FwRev=00000000h, Ports=1, MaxQ=256, IRQ=20
[    2.129834] scsi 2:0:0:0: Direct-Access     VBOX     HARDDISK         1.0  PQ: 0 ANSI: 5
[    2.176157] scsi target2:0:0: Beginning Domain Validation
[    2.178454] scsi target2:0:0: Domain Validation skipping write tests
[    2.179858] scsi target2:0:0: Ending Domain Validation
[    2.181328] scsi target2:0:0: asynchronous
[    2.182431] scsi 2:0:1:0: Direct-Access     VBOX     HARDDISK         1.0  PQ: 0 ANSI: 5
[    2.523838] scsi target2:0:1: Beginning Domain Validation
[    2.527719] random: fast init done
[    2.529036] scsi target2:0:1: Domain Validation skipping write tests
[    2.530886] scsi target2:0:1: Ending Domain Validation
[    2.532546] scsi target2:0:1: asynchronous
[    2.537796] random: systemd-udevd: uninitialized urandom read (16 bytes read)
[    2.538688] e1000 0000:00:08.0 eth1: (PCI:33MHz:32-bit) 08:00:27:e8:36:a5
[    2.539736] random: systemd-udevd: uninitialized urandom read (16 bytes read)
[    2.541884] e1000 0000:00:08.0 eth1: Intel(R) PRO/1000 Network Connection
[    2.543279] random: systemd-udevd: uninitialized urandom read (16 bytes read)
[    2.546822] sd 2:0:0:0: Attached scsi generic sg0 type 0
[    2.547971] sd 2:0:1:0: Attached scsi generic sg1 type 0
[    2.549118] e1000 0000:00:03.0 enp0s3: renamed from eth0
[    2.550531] sd 2:0:0:0: [sda] 20971520 512-byte logical blocks: (10.7 GB/10.0 GiB)
[    2.552118] sd 2:0:1:0: [sdb] 20480 512-byte logical blocks: (10.5 MB/10.0 MiB)
[    2.553724] sd 2:0:0:0: [sda] Write Protect is off
[    2.554742] sd 2:0:1:0: [sdb] Write Protect is off
[    2.555745] sd 2:0:0:0: [sda] Incomplete mode parameter data
[    2.557797] sd 2:0:0:0: [sda] Assuming drive cache: write through
[    2.559584] sd 2:0:1:0: [sdb] Incomplete mode parameter data
[    2.560953] sd 2:0:1:0: [sdb] Assuming drive cache: write through
[    2.563489]  sda: sda1
[    2.564641] sd 2:0:1:0: [sdb] Attached SCSI disk
[    2.565944] sd 2:0:0:0: [sda] Attached SCSI disk
[    2.574138] e1000 0000:00:08.0 enp0s8: renamed from eth1
Begin: Loading essential drivers ... [    3.944082] raid6: sse2x1   gen() 13659 MB/s
[    3.992144] raid6: sse2x1   xor()  7775 MB/s
[    4.040102] raid6: sse2x2   gen() 14277 MB/s
[    4.088111] raid6: sse2x2   xor() 11275 MB/s
[    4.136397] raid6: sse2x4   gen() 17606 MB/s
[    4.184492] raid6: sse2x4   xor()  9428 MB/s
[    4.232516] raid6: avx2x1   gen() 22998 MB/s
[    4.280292] raid6: avx2x1   xor() 11842 MB/s
[    4.328049] raid6: avx2x2   gen() 25682 MB/s
[    4.376217] raid6: avx2x2   xor() 15253 MB/s
[    4.424199] raid6: avx2x4   gen() 32145 MB/s
[    4.472055] raid6: avx2x4   xor() 18934 MB/s
[    4.472886] raid6: using algorithm avx2x4 gen() 32145 MB/s
[    4.473911] raid6: .... xor() 18934 MB/s, rmw enabled
[    4.474814] raid6: using avx2x2 recovery algorithm
[    4.476613] xor: automatically using best checksumming function   avx       
[    4.478835] async_tx: api initialized (async)
done.
Begin: Running /scripts/init-premount ... done.
Begin: Mounting root file system ... Begin: Running /scripts/local-top ... done.
Begin: Running /scripts/local-premount ... [    4.517400] Btrfs loaded, crc32c=crc32c-intel
Scanning for Btrfs filesystems
done.
Warning: fsck not present, so skipping root file system
[    4.540401] EXT4-fs (sda1): mounted filesystem with ordered data mode. Opts: (null)
done.
Begin: Running /scripts/local-bottom ... done.
Begin: Running /scripts/init-bottom ... done.
[    4.648962] ip_tables: (C) 2000-2006 Netfilter Core Team
[    4.654650] systemd[1]: systemd 237 running in system mode. (+PAM +AUDIT +SELINUX +IMA +APPARMOR +SMACK +SYSVINIT +UTMP +LIBCRYPTSETUP +GCRYPT +GNUTLS +ACL +XZ +LZ4 +SECCOMP +BLKID +ELFUTILS +KMOD -IDN2 +IDN -PCRE2 default-hierarchy=hybrid)
[    4.658441] systemd[1]: Detected virtualization oracle.
[    4.659370] systemd[1]: Detected architecture x86-64.

Welcome to [1mUbuntu 18.04.5 LTS[0m!

[    4.676674] systemd[1]: Set hostname to <ubuntu>.
[    4.679991] systemd[1]: Initializing machine ID from random generator.
[    4.681288] systemd[1]: Installed transient /etc/machine-id file.
[    4.850163] systemd[1]: Set up automount Arbitrary Executable File Formats File System Automount Point.
[[0;32m  OK  [0m] Set up automount Arbitrary Executabâ€¦rmats File System Automount Point.
[    4.853194] systemd[1]: Reached target Swap.
[[0;32m  OK  [0m] Reached target Swap.
[    4.856959] systemd[1]: Created slice User and Session Slice.
[[0;32m  OK  [0m] Created slice User and Session Slice.
[    4.859067] systemd[1]: Started Forward Password Requests to Wall Directory Watch.
[[0;32m  OK  [0m] Started Forward Password Requests to Wall Directory Watch.
[[0;32m  OK  [0m] Created slice System Slice.
[[0;32m  OK  [0m] Reached target Slices.
[[0;32m  OK  [0m] Listening on LVM2 poll daemon socket.
[[0;32m  OK  [0m] Listening on udev Control Socket.
[[0;32m  OK  [0m] Listening on LVM2 metadata daemon socket.
[[0;32m  OK  [0m] Listening on Journal Audit Socket.
[[0;32m  OK  [0m] Listening on /dev/initctl Compatibility Named Pipe.
[[0;32m  OK  [0m] Listening on Syslog Socket.
[[0;32m  OK  [0m] Listening on Device-mapper event daemon FIFOs.
[[0;32m  OK  [0m] Created slice system-serial\x2dgetty.slice.
[[0;32m  OK  [0m] Reached target User and Group Name Lookups.
[[0;32m  OK  [0m] Listening on Journal Socket (/dev/log).
[[0;32m  OK  [0m] Listening on Network Service Netlink Socket.
[[0;32m  OK  [0m] Reached target System Time Synchronized.
[[0;32m  OK  [0m] Listening on udev Kernel Socket.
[[0;32m  OK  [0m] Listening on Journal Socket.
         Starting Journal Service...
         Starting Monitoring of LVM2 mirrorsâ€¦ng dmeventd or progress polling...
         Mounting POSIX Message Queue File System...
         Starting udev Coldplug all Devices...
         Mounting Kernel Debug File System...
         Starting Set the console keyboard layout...
         Starting Load Kernel Modules...
         Starting Uncomplicated firewall...
         Starting Create list of required stâ€¦ce nodes for the current kernel...
         Mounting Huge Pages File System...
         Starting Remount Root and Kernel File Systems...
[[0;32m  OK  [0m] Mounted POSIX Message Queue File System.
[[0;32m  OK  [0m] Mounted Kernel Debug File System.
[[0;32m  OK  [0m] Mounted Huge Pages File System.
[[0;32m  OK  [0m] Started LVM2 metadata daemon.
[[0;32m  OK  [0m] Started Journal Service.
[    4.956378] Loading iSCSI transport class v2.0-870.
[    4.965034] iscsi: registered transport (tcp)
[[0;32m  OK  [0m] Started udev Coldplug all Devices.
[[0;32m  OK  [0m] Started Uncomplicated firewall.
[[0;32m  OK  [0m] Started Create list of required staâ€¦vice nodes for the current kernel.
         Starting Create Static Device Nodes in /dev...
[    5.014749] EXT4-fs (sda1): re-mounted. Opts: (null)
[[0;32m  OK  [0m] Started Remount Root and Kernel File Systems.
         Starting Load/Save Random Seed...
         Starting Flush Journal to Persistent Storage...
[[0;32m  OK  [0m] Started Monitoring of LVM2 mirrors,â€¦sing dmeventd or progress polling.
[[0;32m  OK  [0m] Started Create Static Device Nodes in /dev.
         Starting udev Kernel Device Manager...
[[0;32m  OK  [0m] Started Load/Save Random Seed.
[    5.053953] systemd-journald[412]: Received request to flush runtime journal from PID 1
[    5.061296] iscsi: registered transport (iser)
[[0;32m  OK  [0m] Started Load Kernel Modules.
         Starting Apply Kernel Variables...
         Mounting FUSE Control File System...
         Mounting Kernel Configuration File System...
[[0;32m  OK  [0m] Mounted FUSE Control File System.
[[0;32m  OK  [0m] Mounted Kernel Configuration File System.
[[0;32m  OK  [0m] Started udev Kernel Device Manager.
[[0;32m  OK  [0m] Started Apply Kernel Variables.
[[0;32m  OK  [0m] Started Flush Journal to Persistent Storage.
[[0;32m  OK  [0m] Started Set the console keyboard layout.
[[0;32m  OK  [0m] Reached target Local File Systems (Pre).
[[0;32m  OK  [0m] Reached target Local File Systems.
         Starting Create Volatile Files and Directories...
         Starting AppArmor initialization...
         Starting Set console font and keymap...
         Starting Commit a transient machine-id on disk...
         Starting ebtables ruleset management...
         Starting Tell Plymouth To Write Out Runtime Data...
[[0;32m  OK  [0m] Started Dispatch Password Requests to Console Directory Watch.
[[0;32m  OK  [0m] Reached target Local Encrypted Volumes.
[[0;32m  OK  [0m] Started Create Volatile Files and Directories.
         Starting Update UTMP about System Boot/Shutdown...
[[0;32m  OK  [0m] Started Set console font and keymap.
[[0;32m  OK  [0m] Started Tell Plymouth To Write Out Runtime Data.
[[0;32m  OK  [0m] Started Update UTMP about System Boot/Shutdown.
[[0;32m  OK  [0m] Started Commit a transient machine-id on disk.
[[0;32m  OK  [0m] Started ebtables ruleset management.
[[0;32m  OK  [0m] Found device /dev/ttyS0.
[[0;32m  OK  [0m] Listening on Load/Save RF Kill Switch Status /dev/rfkill Watch.
[[0;32m  OK  [0m] Started AppArmor initialization.
         Starting Load AppArmor profiles managed internally by snapd...
         Starting Initial cloud-init job (pre-networking)...
[[0;32m  OK  [0m] Started Load AppArmor profiles managed internally by snapd.
[    6.756756] cloud-init[576]: Cloud-init v. 20.3-2-g371b392c-0ubuntu1~18.04.1 running 'init-local' at Tue, 24 Nov 2020 21:56:58 +0000. Up 6.46 seconds.
[[0;32m  OK  [0m] Started Initial cloud-init job (pre-networking).
[[0;32m  OK  [0m] Reached target Network (Pre).
         Starting Network Service...
[[0;32m  OK  [0m] Started Network Service.
         Starting Network Name Resolution...
         Starting Wait for Network to be Configured...
[[0;32m  OK  [0m] Started Network Name Resolution.
[[0;32m  OK  [0m] Reached target Host and Network Name Lookups.
[[0;32m  OK  [0m] Reached target Network.
[[0;32m  OK  [0m] Started Wait for Network to be Configured.
         Starting Initial cloud-init job (metadata service crawler)...
[    8.876301] cloud-init[689]: Cloud-init v. 20.3-2-g371b392c-0ubuntu1~18.04.1 running 'init' at Tue, 24 Nov 2020 21:57:00 +0000. Up 8.76 seconds.
[    8.878006] cloud-init[689]: ci-info: ++++++++++++++++++++++++++++++++++++++Net device info+++++++++++++++++++++++++++++++++++++++
[    8.879809] cloud-init[689]: ci-info: +--------+-------+----------------------------+---------------+--------+-------------------+
[    8.881620] cloud-init[689]: ci-info: | Device |   Up  |          Address           |      Mask     | Scope  |     Hw-Address    |
[    8.883250] cloud-init[689]: ci-info: +--------+-------+----------------------------+---------------+--------+-------------------+
[    8.885965] cloud-init[689]: ci-info: | enp0s3 |  True |         10.0.2.15          | 255.255.255.0 | global | 02:f1:7e:42:d9:00 |
[    8.887669] cloud-init[689]: ci-info: | enp0s3 |  True | fe80::f1:7eff:fe42:d900/64 |       .       |  link  | 02:f1:7e:42:d9:00 |
[    8.889494] cloud-init[689]: ci-info: | enp0s8 | False |             .              |       .       |   .    | 08:00:27:e8:36:a5 |
[    8.891114] cloud-init[689]: ci-info: |   lo   |  True |         127.0.0.1          |   255.0.0.0   |  host  |         .         |
[    8.893030] cloud-init[689]: ci-info: |   lo   |  True |          ::1/128           |       .       |  host  |         .         |
[    8.894699] cloud-init[689]: ci-info: +--------+-------+----------------------------+---------------+--------+-------------------+
[    8.897537] cloud-init[689]: ci-info: ++++++++++++++++++++++++++++Route IPv4 info+++++++++++++++++++++++++++++
[    8.899279] cloud-init[689]: ci-info: +-------+-------------+----------+-----------------+-----------+-------+
[    8.901344] cloud-init[689]: ci-info: | Route | Destination | Gateway  |     Genmask     | Interface | Flags |
[    8.902961] cloud-init[689]: ci-info: +-------+-------------+----------+-----------------+-----------+-------+
[    8.904328] cloud-init[689]: ci-info: |   0   |   0.0.0.0   | 10.0.2.2 |     0.0.0.0     |   enp0s3  |   UG  |
[    8.906435] cloud-init[689]: ci-info: |   1   |   10.0.2.0  | 0.0.0.0  |  255.255.255.0  |   enp0s3  |   U   |
[    8.907997] cloud-init[689]: ci-info: |   2   |   10.0.2.2  | 0.0.0.0  | 255.255.255.255 |   enp0s3  |   UH  |
[    8.911906] cloud-init[689]: ci-info: +-------+-------------+----------+-----------------+-----------+-------+
[    8.913773] cloud-init[689]: ci-info: +++++++++++++++++++Route IPv6 info+++++++++++++++++++
[    8.915121] cloud-init[689]: ci-info: +-------+-------------+---------+-----------+-------+
[    8.916969] cloud-init[689]: ci-info: | Route | Destination | Gateway | Interface | Flags |
[    8.918439] cloud-init[689]: ci-info: +-------+-------------+---------+-----------+-------+
[    8.919842] cloud-init[689]: ci-info: |   1   |  fe80::/64  |    ::   |   enp0s3  |   U   |
[    8.921481] cloud-init[689]: ci-info: |   3   |    local    |    ::   |   enp0s3  |   U   |
[    8.922923] cloud-init[689]: ci-info: |   4   |   ff00::/8  |    ::   |   enp0s3  |   U   |
[    8.925308] cloud-init[689]: ci-info: +-------+-------------+---------+-----------+-------+
[    9.374829] cloud-init[689]: Generating public/private rsa key pair.
[    9.375823] cloud-init[689]: Your identification has been saved in /etc/ssh/ssh_host_rsa_key.
[    9.377269] cloud-init[689]: Your public key has been saved in /etc/ssh/ssh_host_rsa_key.pub.
[    9.378659] cloud-init[689]: The key fingerprint is:
[    9.379685] cloud-init[689]: SHA256:yQKe+1GnruciIMnkfSvmMjXEFChuV1NiVmxCGGro2JA root@ubuntu-bionic
[    9.381277] cloud-init[689]: The key's randomart image is:
[    9.382716] cloud-init[689]: +---[RSA 2048]----+
[    9.383401] cloud-init[689]: |  .o==+o         |
[    9.396371] cloud-init[689]: |oo.oo+.o         |
[    9.396980] cloud-init[689]: |Eoo o +          |
[    9.397999] cloud-init[689]: |+* = o . .       |
[    9.408284] cloud-init[689]: |*o= o . S .      |
[    9.409492] cloud-init[689]: |oo.+ o o o       |
[    9.410468] cloud-init[689]: | ...+ o .        |
[    9.411340] cloud-init[689]: | o o.o.o.        |
[[0;32m  OK  [0m] Started Initial cloud-init job (metadata service crawler).
[    9.425256] [[0;32m  OK  [0m] Reached target Cloud-config availability.
[[0;32m  OK  [0m] Reached target System Initialization.
cloud-init[689]: |  =...o=o        |
         Starting LXD - unix socket.
[    9.431600] cloud-init[689]: +----[SHA256]-----+
[[0;32m  OK  [0m] Started Daily apt download activities.
[[0;32m  OK  [0m] Listening on D-Bus System Message Bus Socket.
[[0;32m  OK  [0m] Listening on Open-iSCSI iscsid Socket.
[[0;32m  OK  [0m] Listening on ACPID Listen Socket.
[    9.433128] cloud-init[[0;32m  OK  [0m] Started ACPI Events Check.
[[0;32m  OK  [0m] Started Daily Cleanup of Temporary Directories.
[[0;32m  OK  [0m] Listening on UUID daemon activation socket.
         Starting Socket activation for snappy daemon.
[[0;32m  OK  [0m] Started Daily apt upgrade and clean activities.
[689]: Generating public/private dsa key pair.[[0;32m  OK  [0m] Started Message of the Day.
[[0;32m  OK  [0m] Reached target Paths.
[[0;32m  OK  [0m] Started Discard unused blocks once a week.
[[0;32m  OK  [0m] Reached target Timers.
[[0;32m  OK  [0m] Reached target Network is Online.
[[0;32m  OK  [0m] Reached target Remote File Systems (Pre).
[[0;32m  OK  [0m] Reached target Remote File Systems.
         Starting Availability of block devices...
[[0;32m  OK  [0m] Listening on LXD - unix socket.
[[0;32m  OK  [0m] Listening on Socket activation for snappy daemon.
[[0;32m  OK  [0m] Reached target Sockets.
[[0;32m  OK  [0m] Reached target Basic System.

[[0;32m  OK  [0m] Started irqbalance daemon.
[    9.458597] [[0;32m  OK  [0m] Started Deferred execution scheduler.
cloud-init[[0;32m  OK  [0m] Started D-Bus System Message Bus.
[689]: Your identification has been saved in /etc/ssh/ssh_host_dsa_key.
[    9.476381] cloud-init[689]: Your public key has been saved in /etc/ssh/ssh_host_dsa_key.pub.
[    9.478445] cloud-init[689]: The key fingerprint is:
[    9.479872] cloud-init[689]: SHA256:XETns0uRyEgKYrrxzOalKU9CB6tENAJLPAFcQUgR9wY root@ubuntu-bionic
[    9.482576] cloud-init[689]: The key's randomart image is:
[    9.485777] cloud-init[689]: +---[DSA 1024]----+
[    9.493432] cloud-init[689]: |XOXEo   ..o .    |
[    9.496062] cloud-init[689]: |+Oo.o. o + + .   |
[    9.499723] cloud-init[689]: |+o.  o. . + =    |
[    9.502804] cloud-init[689]: |.*o .  . .   +   |
[    9.505055] cloud-init[689]: |.+=..   S   o    |
[    9.509091]          Starting LSB: automatic crash report generation...
         Starting LXD - container startup/shutdown...
         Starting LSB: Record successful boot for GRUB...
cloud-init         Starting Snap Daemon...
         Starting System Logging Service...
[689]: |+o.+       . .   |
[    9.528261] cloud-init[689]: |+ =         .    |
[    9.538015] cloud-init[689]: | =               |
[    9.542119] cloud-init[689]: |  .              |
[    9.544068] cloud-init[689]: +----[SHA256]-----+
[    9.545018] cloud-init[689]: Generating public/private ecdsa key pair.
[    9.549080] cloud-init[689]: Your identification has been saved in /etc/ssh/ssh_host_ecdsa_key.
[    9.551238] cloud-init[689]: Your public key has been saved in /etc/ssh/ssh_host_ecdsa_key.pub.
[    9.560342] cloud-init[689]: The key fingerprint is:
[    9.561286] cloud-init[689]: SHA256:P8tGpTWpjqKg/HPI7jXGRBD29vJSarkdSR/xtav/YkY root@ubuntu-bionic
[    9.564921] cloud-init[689]: The key's randomart image is:
[    9.565835] cloud-init[689]: +---[ECDSA 256]---+
[    9.566875] cloud-init[689]: |   +.            |
[    9.568221] cloud-init[689]: |  . o            |
[    9.570021] cloud-init[689]: |     +   .   o   |
[    9.571729] cloud-init[689]: |    o .   o * .  |
[    9.573318] cloud-init[689]: |     o +S. * o   |
[    9.574271] cloud-init[689]: |    o B o.=  E.  |
[    9.576291] cloud-init[689]: |  o .X + =o ..   |
[    9.578169] cloud-init[689]: |.. =+.* o.oo.+   |
[    9.579495] cloud-init[689]: |..+++o o .o.+.o. |
[    9.581526] cloud-init[689]: +----[SHA256]-----+
[    9.583675] cloud-init[689]: Generating public/private ed25519 key pair.
[    9.585975] cloud-init[689]: Your identification has been saved in /etc/ssh/ssh_host_ed25519_key.
[    9.587704] cloud-init[689]: Your public key has been saved in /etc/ssh/ssh_host_ed25519_key.pub.
[    9.590899] cloud-init[689]: The key fingerprint is:
[    9.591834] cloud-init[689]: SHA256:jGxDgXaKjFKOhOF+mQMfg6UIXD6HIcOdPwcwhOWBQEw root@ubuntu-bionic
[    9.593213] cloud-init[689]: The key's randomart image is:
[    9.594055] cloud-init[689]: +--[ED25519 256]--+
[    9.594795] cloud-init[689]: |%EBXo..          |
[    9.595523] cloud-init[689]: |=BXoB...         |
[    9.596301] cloud-init[689]: |o@ X.+o          |
[    9.597016] cloud-init[689]: |= * O= +         |
[    9.597753] cloud-init[689]: |.. *  B S        |
[    9.598718] cloud-init[689]: |  . .. .         |
[    9.599895] cloud-init[689]: |                 |
[    9.600681] cloud-init[689]: |                 |
[    9.612869] cloud-init[689]: |                 |
[    9.613597] cloud-init[689]: +----[SHA256]-----+
[[0;32m  OK  [0m] Started Regular background program processing daemon.
         Starting Dispatcher daemon for systemd-networkd...
         Starting Login Service...
         Starting Accounts Service...
[[0;32m  OK  [0m] Started FUSE filesystem for LXC.
         Starting Virtualbox guest utils...
         Starting Pollinate to seed the pseudo random number generator...
         Starting Permit User Sessions...
[[0;32m  OK  [0m] Started System Logging Service.
[[0;32m  OK  [0m] Started Availability of block devices.
[[0;32m  OK  [0m] Started LXD - container startup/shutdown.
[[0;32m  OK  [0m] Started Login Service.
[[0;32m  OK  [0m] Started Unattended Upgrades Shutdown.
[[0;32m  OK  [0m] Started Permit User Sessions.
         Starting Hold until boot process finishes up...
         Starting Terminate Plymouth Boot Screen...
[[0;32m  OK  [0m] Started Hold until boot process finishes up.
[[0;32m  OK  [0m] Started Serial Getty on ttyS0.
         Starting Set console scheme...
[[0;32m  OK  [0m] Started Terminate Plymouth Boot Screen.
         Starting Authorization Manager...
[[0;32m  OK  [0m] Started Set console scheme.
[[0;32m  OK  [0m] Created slice system-getty.slice.
[[0;32m  OK  [0m] Started Getty on tty1.
[[0;32m  OK  [0m] Reached target Login Prompts.
[[0;32m  OK  [0m] Started LSB: automatic crash report generation.
[[0;32m  OK  [0m] Started Authorization Manager.
[[0;32m  OK  [0m] Started Accounts Service.
[[0;32m  OK  [0m] Started LSB: Record successful boot for GRUB.
[[0;32m  OK  [0m] Started Virtualbox guest utils.
[[0;32m  OK  [0m] Started Dispatcher daemon for systemd-networkd.
[[0;32m  OK  [0m] Started Snap Daemon.
         Starting Wait until snapd is fully seeded...
[[0;32m  OK  [0m] Started Pollinate to seed the pseudo random number generator.
         Starting OpenBSD Secure Shell server...
[[0;32m  OK  [0m] Started OpenBSD Secure Shell server.
[[0;32m  OK  [0m] Created slice User Slice of vagrant.
         Starting User Manager for UID 1000...
[[0;32m  OK  [0m] Started Session 1 of user vagrant.
[[0;32m  OK  [0m] Started User Manager for UID 1000.
[[0;32m  OK  [0m] Started Wait until snapd is fully seeded.
         Starting Apply the settings specified in cloud-config...
[[0;32m  OK  [0m] Reached target Multi-User System.
[[0;32m  OK  [0m] Reached target Graphical Interface.
         Starting Update UTMP about System Runlevel Changes...
[[0;32m  OK  [0m] Started Update UTMP about System Runlevel Changes.
[   14.058121] cloud-init[1296]: Cloud-init v. 20.3-2-g371b392c-0ubuntu1~18.04.1 running 'modules:config' at Tue, 24 Nov 2020 21:57:05 +0000. Up 13.68 seconds.
[[0;32m  OK  [0m] Started Apply the settings specified in cloud-config.
         Starting Execute cloud user/final scripts...
         Stopping User Manager for UID 1000...
[[0;32m  OK  [0m] Stopped User Manager for UID 1000.
[[0;32m  OK  [0m] Removed slice User Slice of vagrant.
[[0;32m  OK  [0m] Created slice User Slice of vagrant.
         Starting User Manager for UID 1000...
[[0;32m  OK  [0m] Started Session 3 of user vagrant.
[[0;32m  OK  [0m] Started User Manager for UID 1000.
ci-info: no authorized SSH keys fingerprints found for user ubuntu.
<14>Nov 24 21:57:06 ec2: 
<14>Nov 24 21:57:06 ec2: #############################################################
<14>Nov 24 21:57:06 ec2: -----BEGIN SSH HOST KEY FINGERPRINTS-----
<14>Nov 24 21:57:06 ec2: 1024 SHA256:XETns0uRyEgKYrrxzOalKU9CB6tENAJLPAFcQUgR9wY root@ubuntu-bionic (DSA)
<14>Nov 24 21:57:06 ec2: 256 SHA256:P8tGpTWpjqKg/HPI7jXGRBD29vJSarkdSR/xtav/YkY root@ubuntu-bionic (ECDSA)
<14>Nov 24 21:57:06 ec2: 256 SHA256:jGxDgXaKjFKOhOF+mQMfg6UIXD6HIcOdPwcwhOWBQEw root@ubuntu-bionic (ED25519)
<14>Nov 24 21:57:06 ec2: 2048 SHA256:yQKe+1GnruciIMnkfSvmMjXEFChuV1NiVmxCGGro2JA root@ubuntu-bionic (RSA)
<14>Nov 24 21:57:06 ec2: -----END SSH HOST KEY FINGERPRINTS-----
<14>Nov 24 21:57:06 ec2: #############################################################
-----BEGIN SSH HOST KEY KEYS-----
ecdsa-sha2-nistp256 AAAAE2VjZHNhLXNoYTItbmlzdHAyNTYAAAAIbmlzdHAyNTYAAABBBHal6+M3t31jijMcGE/nvVQpgViFsEpIT2xi8x2TJb/dN9m6OZjvLMzlHOQCYSp/BJ4KQJNb2LNtB9sF+qQhwy4= root@ubuntu-bionic
ssh-ed25519 AAAAC3NzaC1lZDI1NTE5AAAAIDdoXkPyDrV3GksLWwkqP0u7p0nN6opSfKax/6U56mVk root@ubuntu-bionic
ssh-rsa AAAAB3NzaC1yc2EAAAADAQABAAABAQDE9IEuf4NTiigBxDg08cOXntQbcNRM4afjKHk+jFYNDItQC4XluU2rdkkE/Skze505FWToYSqH1RIu4E4qIMnX0PvoZPQkUS8a2w86ZjQA6NThgtqqiGGJWdVj7hkJK2O9W403Egz2GzYqHbO2dhEuMkszAQx9hSxtyiK1sQDLTIU9ocBPDqOW4wbrM19RqHi1dDkHZSZU7dZrjH/UiXSyC6kYR5bES954x8Y88lAnBSDLrGhkJT60K9KgPQVfsq25NcQ48CDdPB8UAtHqdqNn6m/JTcyeAx9BoCFQaJmVXul/fBZuuwfzuRCZ9YJ7isAWjCkRKl5E91IXdNiRL9kp root@ubuntu-bionic
-----END SSH HOST KEY KEYS-----
[   14.665891] cloud-init[1524]: Cloud-init v. 20.3-2-g371b392c-0ubuntu1~18.04.1 running 'modules:final' at Tue, 24 Nov 2020 21:57:06 +0000. Up 14.52 seconds.
[   14.668352] cloud-init[1524]: ci-info: no authorized SSH keys fingerprints found for user ubuntu.
[   14.669798] cloud-init[1524]: Cloud-init v. 20.3-2-g371b392c-0ubuntu1~18.04.1 finished at Tue, 24 Nov 2020 21:57:06 +0000. Datasource DataSourceNoCloud [seed=/dev/sdb][dsmode=net].  Up 14.65 seconds
[[0;32m  OK  [0m] Started Execute cloud user/final scripts.
[[0;32m  OK  [0m] Reached target Cloud-init target.

Ubuntu 18.04.5 LTS vault-enterprise ttyS0

vault-enterprise login: 