[    0.000000] Linux version 4.15.0-91-generic (buildd@lgw01-amd64-013) (gcc version 7.4.0 (Ubuntu 7.4.0-1ubuntu1~18.04.1)) #92-Ubuntu SMP Fri Feb 28 11:09:48 UTC 2020 (Ubuntu 4.15.0-91.92-generic 4.15.18)
[    0.000000] Command line: BOOT_IMAGE=/boot/vmlinuz-4.15.0-91-generic root=LABEL=cloudimg-rootfs ro console=tty1 console=ttyS0
[    0.000000] KERNEL supported cpus:
[    0.000000]   Intel GenuineIntel
[    0.000000]   AMD AuthenticAMD
[    0.000000]   Centaur CentaurHauls
[    0.000000] x86/fpu: Supporting XSAVE feature 0x001: 'x87 floating point registers'
[    0.000000] x86/fpu: Supporting XSAVE feature 0x002: 'SSE registers'
[    0.000000] x86/fpu: Supporting XSAVE feature 0x004: 'AVX registers'
[    0.000000] x86/fpu: xstate_offset[2]:  576, xstate_sizes[2]:  256
[    0.000000] x86/fpu: Enabled xstate features 0x7, context size is 832 bytes, using 'standard' format.
[    0.000000] e820: BIOS-provided physical RAM map:
[    0.000000] BIOS-e820: [mem 0x0000000000000000-0x000000000009fbff] usable
[    0.000000] BIOS-e820: [mem 0x000000000009fc00-0x000000000009ffff] reserved
[    0.000000] BIOS-e820: [mem 0x00000000000f0000-0x00000000000fffff] reserved
[    0.000000] BIOS-e820: [mem 0x0000000000100000-0x000000007ffeffff] usable
[    0.000000] BIOS-e820: [mem 0x000000007fff0000-0x000000007fffffff] ACPI data
[    0.000000] BIOS-e820: [mem 0x00000000fec00000-0x00000000fec00fff] reserved
[    0.000000] BIOS-e820: [mem 0x00000000fee00000-0x00000000fee00fff] reserved
[    0.000000] BIOS-e820: [mem 0x00000000fffc0000-0x00000000ffffffff] reserved
[    0.000000] NX (Execute Disable) protection: active
[    0.000000] SMBIOS 2.5 present.
[    0.000000] DMI: innotek GmbH VirtualBox/VirtualBox, BIOS VirtualBox 12/01/2006
[    0.000000] Hypervisor detected: KVM
[    0.000000] e820: last_pfn = 0x7fff0 max_arch_pfn = 0x400000000
[    0.000000] MTRR: Disabled
[    0.000000] x86/PAT: MTRRs disabled, skipping PAT initialization too.
[    0.000000] CPU MTRRs all blank - virtualized system.
[    0.000000] x86/PAT: Configuration [0-7]: WB  WT  UC- UC  WB  WT  UC- UC  
[    0.000000] found SMP MP-table at [mem 0x0009fff0-0x0009ffff]
[    0.000000] Scanning 1 areas for low memory corruption
[    0.000000] RAMDISK: [mem 0x35a6b000-0x36d2cfff]
[    0.000000] ACPI: Early table checksum verification disabled
[    0.000000] ACPI: RSDP 0x00000000000E0000 000024 (v02 VBOX  )
[    0.000000] ACPI: XSDT 0x000000007FFF0030 00003C (v01 VBOX   VBOXXSDT 00000001 ASL  00000061)
[    0.000000] ACPI: FACP 0x000000007FFF00F0 0000F4 (v04 VBOX   VBOXFACP 00000001 ASL  00000061)
[    0.000000] ACPI: DSDT 0x000000007FFF0470 0022EA (v02 VBOX   VBOXBIOS 00000002 INTL 20100528)
[    0.000000] ACPI: FACS 0x000000007FFF0200 000040
[    0.000000] ACPI: FACS 0x000000007FFF0200 000040
[    0.000000] ACPI: APIC 0x000000007FFF0240 00005C (v02 VBOX   VBOXAPIC 00000001 ASL  00000061)
[    0.000000] ACPI: SSDT 0x000000007FFF02A0 0001CC (v01 VBOX   VBOXCPUT 00000002 INTL 20100528)
[    0.000000] No NUMA configuration found
[    0.000000] Faking a node at [mem 0x0000000000000000-0x000000007ffeffff]
[    0.000000] NODE_DATA(0) allocated [mem 0x7ffc5000-0x7ffeffff]
[    0.000000] kvm-clock: cpu 0, msr 0:7ff44001, primary cpu clock
[    0.000000] kvm-clock: Using msrs 4b564d01 and 4b564d00
[    0.000000] kvm-clock: using sched offset of 3501528973 cycles
[    0.000000] clocksource: kvm-clock: mask: 0xffffffffffffffff max_cycles: 0x1cd42e4dffb, max_idle_ns: 881590591483 ns
[    0.000000] Zone ranges:
[    0.000000]   DMA      [mem 0x0000000000001000-0x0000000000ffffff]
[    0.000000]   DMA32    [mem 0x0000000001000000-0x000000007ffeffff]
[    0.000000]   Normal   empty
[    0.000000]   Device   empty
[    0.000000] Movable zone start for each node
[    0.000000] Early memory node ranges
[    0.000000]   node   0: [mem 0x0000000000001000-0x000000000009efff]
[    0.000000]   node   0: [mem 0x0000000000100000-0x000000007ffeffff]
[    0.000000] Reserved but unavailable: 98 pages
[    0.000000] Initmem setup node 0 [mem 0x0000000000001000-0x000000007ffeffff]
[    0.000000] ACPI: PM-Timer IO Port: 0x4008
[    0.000000] IOAPIC[0]: apic_id 2, version 32, address 0xfec00000, GSI 0-23
[    0.000000] ACPI: INT_SRC_OVR (bus 0 bus_irq 0 global_irq 2 dfl dfl)
[    0.000000] ACPI: INT_SRC_OVR (bus 0 bus_irq 9 global_irq 9 low level)
[    0.000000] Using ACPI (MADT) for SMP configuration information
[    0.000000] smpboot: Allowing 2 CPUs, 0 hotplug CPUs
[    0.000000] PM: Registered nosave memory: [mem 0x00000000-0x00000fff]
[    0.000000] PM: Registered nosave memory: [mem 0x0009f000-0x0009ffff]
[    0.000000] PM: Registered nosave memory: [mem 0x000a0000-0x000effff]
[    0.000000] PM: Registered nosave memory: [mem 0x000f0000-0x000fffff]
[    0.000000] e820: [mem 0x80000000-0xfebfffff] available for PCI devices
[    0.000000] Booting paravirtualized kernel on KVM
[    0.000000] clocksource: refined-jiffies: mask: 0xffffffff max_cycles: 0xffffffff, max_idle_ns: 7645519600211568 ns
[    0.000000] random: get_random_bytes called from start_kernel+0x99/0x4fd with crng_init=0
[    0.000000] setup_percpu: NR_CPUS:8192 nr_cpumask_bits:2 nr_cpu_ids:2 nr_node_ids:1
[    0.000000] percpu: Embedded 45 pages/cpu s147456 r8192 d28672 u1048576
[    0.000000] PV qspinlock hash table entries: 256 (order: 0, 4096 bytes)
[    0.000000] Built 1 zonelists, mobility grouping on.  Total pages: 515961
[    0.000000] Policy zone: DMA32
[    0.000000] Kernel command line: BOOT_IMAGE=/boot/vmlinuz-4.15.0-91-generic root=LABEL=cloudimg-rootfs ro console=tty1 console=ttyS0
[    0.000000] Memory: 2015252K/2096696K available (12300K kernel code, 2481K rwdata, 4264K rodata, 2432K init, 2712K bss, 81444K reserved, 0K cma-reserved)
[    0.000000] SLUB: HWalign=64, Order=0-3, MinObjects=0, CPUs=2, Nodes=1
[    0.000000] Kernel/User page tables isolation: enabled
[    0.000000] ftrace: allocating 39347 entries in 154 pages
[    0.004000] Hierarchical RCU implementation.
[    0.004000] 	RCU restricting CPUs from NR_CPUS=8192 to nr_cpu_ids=2.
[    0.004000] 	Tasks RCU enabled.
[    0.004000] RCU: Adjusting geometry for rcu_fanout_leaf=16, nr_cpu_ids=2
[    0.004000] NR_IRQS: 524544, nr_irqs: 440, preallocated irqs: 16
[    0.004000] Console: colour VGA+ 80x25
[    0.004000] console [tty1] enabled
[    0.004000] console [ttyS0] enabled
[    0.004000] ACPI: Core revision 20170831
[    0.004000] ACPI: 2 ACPI AML tables successfully acquired and loaded
[    0.004000] APIC: Switch to symmetric I/O mode setup
[    0.004000] x2apic enabled
[    0.004000] Switched APIC routing to physical x2apic.
[    0.004000] ..TIMER: vector=0x30 apic1=0 pin1=2 apic2=-1 pin2=-1
[    0.004004] tsc: Detected 2400.000 MHz processor
[    0.004791] Calibrating delay loop (skipped) preset value.. 4800.00 BogoMIPS (lpj=9600000)
[    0.005446] pid_max: default: 32768 minimum: 301
[    0.006322] Security Framework initialized
[    0.008005] Yama: becoming mindful.
[    0.008680] AppArmor: AppArmor initialized
[    0.011168] Dentry cache hash table entries: 262144 (order: 9, 2097152 bytes)
[    0.013633] Inode-cache hash table entries: 131072 (order: 8, 1048576 bytes)
[    0.016024] Mount-cache hash table entries: 4096 (order: 3, 32768 bytes)
[    0.017150] Mountpoint-cache hash table entries: 4096 (order: 3, 32768 bytes)
[    0.019321] Last level iTLB entries: 4KB 64, 2MB 8, 4MB 8
[    0.020004] Last level dTLB entries: 4KB 64, 2MB 0, 4MB 0, 1GB 4
[    0.021065] Spectre V1 : Mitigation: usercopy/swapgs barriers and __user pointer sanitization
[    0.022660] Spectre V2 : Mitigation: Full generic retpoline
[    0.024003] Spectre V2 : Spectre v2 / SpectreRSB mitigation: Filling RSB on context switch
[    0.025416] Speculative Store Bypass: Vulnerable
[    0.026894] MDS: Mitigation: Clear CPU buffers
[    0.027967] Freeing SMP alternatives memory: 36K
[    0.139040] smpboot: CPU0: Intel(R) Core(TM) i5-8279U CPU @ 2.40GHz (family: 0x6, model: 0x8e, stepping: 0xa)
[    0.140000] Performance Events: unsupported p6 CPU model 142 no PMU driver, software events only.
[    0.140000] Hierarchical SRCU implementation.
[    0.140636] NMI watchdog: Perf event create on CPU 0 failed with -2
[    0.141830] NMI watchdog: Perf NMI watchdog permanently disabled
[    0.143256] smp: Bringing up secondary CPUs ...
[    0.144105] x86: Booting SMP configuration:
[    0.144865] .... node  #0, CPUs:      #1
[    0.004000] kvm-clock: cpu 1, msr 0:7ff44041, secondary cpu clock
[    0.148020] smp: Brought up 1 node, 2 CPUs
[    0.148733] smpboot: Max logical packages: 1
[    0.149471] smpboot: Total of 2 processors activated (9600.00 BogoMIPS)
[    0.152181] devtmpfs: initialized
[    0.152668] x86/mm: Memory block size: 128MB
[    0.153648] evm: security.selinux
[    0.154245] evm: security.SMACK64
[    0.154833] evm: security.SMACK64EXEC
[    0.155475] evm: security.SMACK64TRANSMUTE
[    0.156003] evm: security.SMACK64MMAP
[    0.156645] evm: security.apparmor
[    0.157278] evm: security.ima
[    0.157866] evm: security.capability
[    0.158547] clocksource: jiffies: mask: 0xffffffff max_cycles: 0xffffffff, max_idle_ns: 7645041785100000 ns
[    0.160009] futex hash table entries: 512 (order: 3, 32768 bytes)
[    0.161607] pinctrl core: initialized pinctrl subsystem
[    0.162853] RTC time:  4:54:37, date: 11/20/20
[    0.164338] NET: Registered protocol family 16
[    0.168082] audit: initializing netlink subsys (disabled)
[    0.169231] audit: type=2000 audit(1605848082.939:1): state=initialized audit_enabled=0 res=1
[    0.170100] cpuidle: using governor ladder
[    0.172013] cpuidle: using governor menu
[    0.172875] ACPI: bus type PCI registered
[    0.173595] acpiphp: ACPI Hot Plug PCI Controller Driver version: 0.5
[    0.174889] PCI: Using configuration type 1 for base access
[    0.177647] HugeTLB registered 2.00 MiB page size, pre-allocated 0 pages
[    0.180077] ACPI: Added _OSI(Module Device)
[    0.180840] ACPI: Added _OSI(Processor Device)
[    0.181603] ACPI: Added _OSI(3.0 _SCP Extensions)
[    0.182415] ACPI: Added _OSI(Processor Aggregator Device)
[    0.184003] ACPI: Added _OSI(Linux-Dell-Video)
[    0.184778] ACPI: Added _OSI(Linux-Lenovo-NV-HDMI-Audio)
[    0.185710] ACPI: Added _OSI(Linux-HPI-Hybrid-Graphics)
[    0.186939] ACPI: Executed 1 blocks of module-level executable AML code
[    0.190671] ACPI: Interpreter enabled
[    0.192026] ACPI: (supports S0 S5)
[    0.192658] ACPI: Using IOAPIC for interrupt routing
[    0.193700] PCI: Using host bridge windows from ACPI; if necessary, use "pci=nocrs" and report a bug
[    0.196148] ACPI: Enabled 2 GPEs in block 00 to 07
[    0.203705] ACPI: PCI Root Bridge [PCI0] (domain 0000 [bus 00-ff])
[    0.204013] acpi PNP0A03:00: _OSC: OS supports [ASPM ClockPM Segments MSI]
[    0.205547] acpi PNP0A03:00: _OSC: not requesting OS control; OS requires [ExtendedConfig ASPM ClockPM MSI]
[    0.208019] acpi PNP0A03:00: fail to add MMCONFIG information, can't access extended PCI configuration space under this bridge.
[    0.210682] PCI host bridge to bus 0000:00
[    0.211381] pci_bus 0000:00: root bus resource [io  0x0000-0x0cf7 window]
[    0.212003] pci_bus 0000:00: root bus resource [io  0x0d00-0xffff window]
[    0.213278] pci_bus 0000:00: root bus resource [mem 0x000a0000-0x000bffff window]
[    0.216003] pci_bus 0000:00: root bus resource [mem 0x80000000-0xfdffffff window]
[    0.217656] pci_bus 0000:00: root bus resource [bus 00-ff]
[    0.222500] pci 0000:00:01.1: legacy IDE quirk: reg 0x10: [io  0x01f0-0x01f7]
[    0.223810] pci 0000:00:01.1: legacy IDE quirk: reg 0x14: [io  0x03f6]
[    0.224003] pci 0000:00:01.1: legacy IDE quirk: reg 0x18: [io  0x0170-0x0177]
[    0.225219] pci 0000:00:01.1: legacy IDE quirk: reg 0x1c: [io  0x0376]
[    0.247600] pci 0000:00:07.0: quirk: [io  0x4000-0x403f] claimed by PIIX4 ACPI
[    0.248017] pci 0000:00:07.0: quirk: [io  0x4100-0x410f] claimed by PIIX4 SMB
[    0.262616] ACPI: PCI Interrupt Link [LNKA] (IRQs 5 9 10 *11)
[    0.264281] ACPI: PCI Interrupt Link [LNKB] (IRQs 5 9 *10 11)
[    0.265503] ACPI: PCI Interrupt Link [LNKC] (IRQs 5 *9 10 11)
[    0.266845] ACPI: PCI Interrupt Link [LNKD] (IRQs 5 9 10 *11)
[    0.268323] SCSI subsystem initialized
[    0.269060] pci 0000:00:02.0: vgaarb: setting as boot VGA device
[    0.269389] pci 0000:00:02.0: vgaarb: VGA device added: decodes=io+mem,owns=io+mem,locks=none
[    0.270838] pci 0000:00:02.0: vgaarb: bridge control possible
[    0.272009] vgaarb: loaded
[    0.272546] ACPI: bus type USB registered
[    0.273685] usbcore: registered new interface driver usbfs
[    0.274941] usbcore: registered new interface driver hub
[    0.276022] usbcore: registered new device driver usb
[    0.276974] EDAC MC: Ver: 3.0.0
[    0.276974] PCI: Using ACPI for IRQ routing
[    0.277073] NetLabel: Initializing
[    0.280006] NetLabel:  domain hash size = 128
[    0.280761] NetLabel:  protocols = UNLABELED CIPSOv4 CALIPSO
[    0.281822] NetLabel:  unlabeled traffic allowed by default
[    0.282800] clocksource: Switched to clocksource kvm-clock
[    0.297967] VFS: Disk quotas dquot_6.6.0
[    0.298904] VFS: Dquot-cache hash table entries: 512 (order 0, 4096 bytes)
[    0.300624] AppArmor: AppArmor Filesystem Enabled
[    0.302107] pnp: PnP ACPI init
[    0.304070] pnp: PnP ACPI: found 3 devices
[    0.312784] clocksource: acpi_pm: mask: 0xffffff max_cycles: 0xffffff, max_idle_ns: 2085701024 ns
[    0.314551] NET: Registered protocol family 2
[    0.316020] TCP established hash table entries: 16384 (order: 5, 131072 bytes)
[    0.317681] TCP bind hash table entries: 16384 (order: 6, 262144 bytes)
[    0.319730] TCP: Hash tables configured (established 16384 bind 16384)
[    0.322995] UDP hash table entries: 1024 (order: 3, 32768 bytes)
[    0.324303] UDP-Lite hash table entries: 1024 (order: 3, 32768 bytes)
[    0.325515] NET: Registered protocol family 1
[    0.326305] pci 0000:00:00.0: Limiting direct PCI/PCI transfers
[    0.327466] pci 0000:00:01.0: Activating ISA DMA hang workarounds
[    0.328605] pci 0000:00:02.0: Video device with shadowed ROM at [mem 0x000c0000-0x000dffff]
[    0.330231] Unpacking initramfs...
[    0.597611] Freeing initrd memory: 19208K
[    0.598722] clocksource: tsc: mask: 0xffffffffffffffff max_cycles: 0x22983777dd9, max_idle_ns: 440795300422 ns
[    0.605500] platform rtc_cmos: registered platform RTC device (no PNP device found)
[    0.607345] Scanning for low memory corruption every 60 seconds
[    0.609410] Initialise system trusted keyrings
[    0.610604] Key type blacklist registered
[    0.611569] workingset: timestamp_bits=36 max_order=19 bucket_order=0
[    0.613601] zbud: loaded
[    0.614696] squashfs: version 4.0 (2009/01/31) Phillip Lougher
[    0.616095] fuse init (API version 7.26)
[    0.619119] Key type asymmetric registered
[    0.619847] Asymmetric key parser 'x509' registered
[    0.620776] Block layer SCSI generic (bsg) driver version 0.4 loaded (major 246)
[    0.622158] io scheduler noop registered
[    0.622974] io scheduler deadline registered
[    0.623867] io scheduler cfq registered (default)
[    0.625205] ACPI: AC Adapter [AC] (on-line)
[    0.625996] input: Power Button as /devices/LNXSYSTM:00/LNXPWRBN:00/input/input0
[    0.627342] ACPI: Power Button [PWRF]
[    0.628228] input: Sleep Button as /devices/LNXSYSTM:00/LNXSLPBN:00/input/input1
[    0.630228] ACPI: Sleep Button [SLPF]
[    0.634380] ACPI: Battery Slot [BAT0] (battery present)
[    0.636379] Serial: 8250/16550 driver, 32 ports, IRQ sharing enabled
[    0.658753] 00:02: ttyS0 at I/O 0x3f8 (irq = 4, base_baud = 115200) is a 16550A
[    0.664177] Linux agpgart interface v0.103
[    0.668564] loop: module loaded
[    0.669807] scsi host0: ata_piix
[    0.670613] scsi host1: ata_piix
[    0.671265] ata1: PATA max UDMA/33 cmd 0x1f0 ctl 0x3f6 bmdma 0xd000 irq 14
[    0.672457] ata2: PATA max UDMA/33 cmd 0x170 ctl 0x376 bmdma 0xd008 irq 15
[    0.674209] libphy: Fixed MDIO Bus: probed
[    0.674957] tun: Universal TUN/TAP device driver, 1.6
[    0.675957] PPP generic driver version 2.4.2
[    0.676833] ehci_hcd: USB 2.0 'Enhanced' Host Controller (EHCI) Driver
[    0.677960] ehci-pci: EHCI PCI platform driver
[    0.678753] ehci-platform: EHCI generic platform driver
[    0.679656] ohci_hcd: USB 1.1 'Open' Host Controller (OHCI) Driver
[    0.681379] ohci-pci: OHCI PCI platform driver
[    0.682375] ohci-platform: OHCI generic platform driver
[    0.683294] uhci_hcd: USB Universal Host Controller Interface driver
[    0.684619] i8042: PNP: PS/2 Controller [PNP0303:PS2K,PNP0f03:PS2M] at 0x60,0x64 irq 1,12
[    0.687051] serio: i8042 KBD port at 0x60,0x64 irq 1
[    0.688092] serio: i8042 AUX port at 0x60,0x64 irq 12
[    0.689201] mousedev: PS/2 mouse device common for all mice
[    0.691054] input: AT Translated Set 2 keyboard as /devices/platform/i8042/serio0/input/input2
[    0.692823] rtc_cmos rtc_cmos: rtc core: registered rtc_cmos as rtc0
[    0.694061] rtc_cmos rtc_cmos: alarms up to one day, 114 bytes nvram
[    0.695543] i2c /dev entries driver
[    0.696276] device-mapper: uevent: version 1.0.3
[    0.697700] device-mapper: ioctl: 4.37.0-ioctl (2017-09-20) initialised: dm-devel@redhat.com
[    0.699373] ledtrig-cpu: registered to indicate activity on CPUs
[    0.701059] NET: Registered protocol family 10
[    0.705163] Segment Routing with IPv6
[    0.706085] NET: Registered protocol family 17
[    0.706963] Key type dns_resolver registered
[    0.707920] mce: Using 0 MCE banks
[    0.708566] RAS: Correctable Errors collector initialized.
[    0.709519] sched_clock: Marking stable (708548949, 0)->(902735316, -194186367)
[    0.711200] registered taskstats version 1
[    0.712146] Loading compiled-in X.509 certificates
[    0.715821] Loaded X.509 cert 'Build time autogenerated kernel key: d019e8c5f4cbc828f6af43369f65a014a3a68371'
[    0.717689] zswap: loaded using pool lzo/zbud
[    0.722867] Key type big_key registered
[    0.723578] Key type trusted registered
[    0.725726] Key type encrypted registered
[    0.726463] AppArmor: AppArmor sha1 policy hashing enabled
[    0.727524] ima: No TPM chip found, activating TPM-bypass! (rc=-19)
[    0.728637] ima: Allocated hash algorithm: sha1
[    0.729552] evm: HMAC attrs: 0x1
[    0.730457]   Magic number: 12:845:919
[    0.731241] rtc_cmos rtc_cmos: setting system clock to 2020-11-20 04:54:38 UTC (1605848078)
[    0.733639] BIOS EDD facility v0.16 2004-Jun-25, 0 devices found
[    0.735508] EDD information not available.
[    0.838159] Freeing unused kernel image memory: 2432K
[    1.095029] Write protecting the kernel read-only data: 20480k
[    1.097044] Freeing unused kernel image memory: 2008K
[    1.098645] Freeing unused kernel image memory: 1880K
[    1.105635] x86/mm: Checked W+X mappings: passed, no W+X pages found.
[    1.106882] x86/mm: Checking user space page tables
[    1.113395] x86/mm: Checked W+X mappings: passed, no W+X pages found.
Loading, please wait...
starting version 237
[    1.179853] e1000: Intel(R) PRO/1000 Network Driver - version 7.3.21-k8-NAPI
[    1.181740] e1000: Copyright (c) 1999-2006 Intel Corporation.
[    1.184879] Fusion MPT base driver 3.04.20
[    1.185852] Copyright (c) 1999-2008 LSI Corporation
[    1.201127] AVX2 version of gcm_enc/dec engaged.
[    1.202268] AES CTR mode by8 optimization enabled
[    1.212739] Fusion MPT SPI Host driver 3.04.20
[    1.429077] input: ImExPS/2 Generic Explorer Mouse as /devices/platform/i8042/serio1/input/input4
[    1.613858] e1000 0000:00:03.0 eth0: (PCI:33MHz:32-bit) 02:39:67:45:9c:e6
[    1.615286] e1000 0000:00:03.0 eth0: Intel(R) PRO/1000 Network Connection
[    1.617491] mptbase: ioc0: Initiating bringup
[    2.192292] ioc0: LSI53C1030 A0: Capabilities={Initiator}
[    3.309430] scsi host2: ioc0: LSI53C1030 A0, FwRev=00000000h, Ports=1, MaxQ=256, IRQ=20
[    4.216431] scsi 2:0:0:0: Direct-Access     VBOX     HARDDISK         1.0  PQ: 0 ANSI: 5
[    4.260067] scsi target2:0:0: Beginning Domain Validation
[    4.261924] scsi target2:0:0: Domain Validation skipping write tests
[    4.263052] scsi target2:0:0: Ending Domain Validation
[    4.264074] scsi target2:0:0: asynchronous
[    4.265341] scsi 2:0:1:0: Direct-Access     VBOX     HARDDISK         1.0  PQ: 0 ANSI: 5
[    4.580594] scsi target2:0:1: Beginning Domain Validation
[    4.583093] random: fast init done
[    4.583941] scsi target2:0:1: Domain Validation skipping write tests
[    4.585137] scsi target2:0:1: Ending Domain Validation
[    4.586226] scsi target2:0:1: asynchronous
[    4.590170] random: systemd-udevd: uninitialized urandom read (16 bytes read)
[    4.591381] random: systemd-udevd: uninitialized urandom read (16 bytes read)
[    4.592652] random: systemd-udevd: uninitialized urandom read (16 bytes read)
[    4.594018] sd 2:0:0:0: Attached scsi generic sg0 type 0
[    4.595265] sd 2:0:0:0: [sda] 20971520 512-byte logical blocks: (10.7 GB/10.0 GiB)
[    4.596667] sd 2:0:0:0: [sda] Write Protect is off
[    4.597638] sd 2:0:0:0: [sda] Incomplete mode parameter data
[    4.598678] sd 2:0:0:0: [sda] Assuming drive cache: write through
[    4.602795] sd 2:0:1:0: Attached scsi generic sg1 type 0
[    4.604310] sd 2:0:1:0: [sdb] 20480 512-byte logical blocks: (10.5 MB/10.0 MiB)
[    4.605707] sd 2:0:1:0: [sdb] Write Protect is off
[    4.607267] sd 2:0:1:0: [sdb] Incomplete mode parameter data
[    4.608383] sd 2:0:1:0: [sdb] Assuming drive cache: write through
[    4.610926]  sda: sda1
[    4.616302] sd 2:0:1:0: [sdb] Attached SCSI disk
[    4.617319] sd 2:0:0:0: [sda] Attached SCSI disk
[    4.618220] e1000 0000:00:08.0 eth1: (PCI:33MHz:32-bit) 08:00:27:4b:9d:32
[    4.619491] e1000 0000:00:08.0 eth1: Intel(R) PRO/1000 Network Connection
[    4.622324] e1000 0000:00:08.0 enp0s8: renamed from eth1
[    4.636954] e1000 0000:00:03.0 enp0s3: renamed from eth0
Begin: Loading essential drivers ... [    6.060327] raid6: sse2x1   gen() 12686 MB/s
[    6.110902] raid6: sse2x1   xor()  9561 MB/s
[    6.156276] raid6: sse2x2   gen() 15264 MB/s
[    6.204066] raid6: sse2x2   xor()  9578 MB/s
[    6.252500] raid6: sse2x4   gen() 15884 MB/s
[    6.300689] raid6: sse2x4   xor() 10599 MB/s
[    6.348054] raid6: avx2x1   gen() 24269 MB/s
[    6.396389] raid6: avx2x1   xor() 17402 MB/s
[    6.444133] raid6: avx2x2   gen() 28713 MB/s
[    6.492358] raid6: avx2x2   xor() 19386 MB/s
[    6.540353] raid6: avx2x4   gen() 31669 MB/s
[    6.588169] raid6: avx2x4   xor() 20492 MB/s
[    6.588953] raid6: using algorithm avx2x4 gen() 31669 MB/s
[    6.589897] raid6: .... xor() 20492 MB/s, rmw enabled
[    6.590755] raid6: using avx2x2 recovery algorithm
[    6.592485] xor: automatically using best checksumming function   avx       
[    6.594887] async_tx: api initialized (async)
done.
Begin: Running /scripts/init-premount ... done.
Begin: Mounting root file system ... Begin: Running /scripts/local-top ... done.
Begin: Running /scripts/local-premount ... [    6.633133] Btrfs loaded, crc32c=crc32c-intel
Scanning for Btrfs filesystems
done.
Warning: fsck not present, so skipping root file system
[    6.654136] EXT4-fs (sda1): mounted filesystem with ordered data mode. Opts: (null)
done.
Begin: Running /scripts/local-bottom ... done.
Begin: Running /scripts/init-bottom ... done.
[    6.744270] ip_tables: (C) 2000-2006 Netfilter Core Team
[    6.749515] systemd[1]: systemd 237 running in system mode. (+PAM +AUDIT +SELINUX +IMA +APPARMOR +SMACK +SYSVINIT +UTMP +LIBCRYPTSETUP +GCRYPT +GNUTLS +ACL +XZ +LZ4 +SECCOMP +BLKID +ELFUTILS +KMOD -IDN2 +IDN -PCRE2 default-hierarchy=hybrid)
[    6.753257] systemd[1]: Detected virtualization oracle.
[    6.754174] systemd[1]: Detected architecture x86-64.

Welcome to [1mUbuntu 18.04.4 LTS[0m!

[    6.758720] systemd[1]: Set hostname to <ubuntu>.
[    6.761774] systemd[1]: Initializing machine ID from random generator.
[    6.762925] systemd[1]: Installed transient /etc/machine-id file.
[    6.928018] systemd[1]: Created slice User and Session Slice.
[[0;32m  OK  [0m] Created slice User and Session Slice.
[    6.929954] systemd[1]: Reached target User and Group Name Lookups.
[[0;32m  OK  [0m] Reached target User and Group Name Lookups.
[    6.932142] systemd[1]: Created slice System Slice.
[[0;32m  OK  [0m] Created slice System Slice.
[    6.933907] systemd[1]: Listening on Syslog Socket.
[[0;32m  OK  [0m] Listening on Syslog Socket.
[[0;32m  OK  [0m] Listening on Device-mapper event daemon FIFOs.
[[0;32m  OK  [0m] Listening on LVM2 metadata daemon socket.
[[0;32m  OK  [0m] Listening on Network Service Netlink Socket.
[[0;32m  OK  [0m] Listening on udev Control Socket.
[[0;32m  OK  [0m] Listening on Journal Socket.
         Starting Create list of required st…ce nodes for the current kernel...
[[0;32m  OK  [0m] Listening on Journal Audit Socket.
         Mounting Kernel Debug File System...
[[0;32m  OK  [0m] Listening on udev Kernel Socket.
         Starting Load Kernel Modules...
[[0;32m  OK  [0m] Listening on LVM2 poll daemon socket.
[[0;32m  OK  [0m] Set up automount Arbitrary Executab…rmats File System Automount Point.
         Starting Uncomplicated firewall...
[[0;32m  OK  [0m] Reached target System Time Synchronized.
[[0;32m  OK  [0m] Created slice system-serial\x2dgetty.slice.
         Mounting Huge Pages File System...
[[0;32m  OK  [0m] Reached target Slices.
         Starting Remount Root and Kernel File Systems...
[[0;32m  OK  [0m] Listening on /dev/initctl Compatibility Named Pipe.
         Starting Set the console keyboard layout...
         Starting Monitoring of LVM2 mirrors…ng dmeventd or progress polling...
[[0;32m  OK  [0m] Listening on Journal Socket (/dev/log).
         Starting Journal Service...
         Mounting POSIX Message Queue File System...
[[0;32m  OK  [0m] Started Forward Password Requests to Wall Directory Watch.
[[0;32m  OK  [0m] Reached target Swap.
         Starting udev Coldplug all Devices...
[    6.980042] Loading iSCSI transport class v2.0-870.
[[0;32m  OK  [0m] Started Create list of required sta…vice nodes for the current kernel.
[[0;32m  OK  [0m] Mounted Kernel Debug File System.
[[0;32m  OK  [0m] Started Uncomplicated firewall.
[[0;32m  OK  [0m] Mounted Huge Pages File System.
[[0;32m  OK  [0m] Mounted POSIX Message Queue File System.
         Starting Create Static Device Nodes in /dev...
[[0;32m  OK  [0m] Started LVM2 metadata daemon.
[    7.032363] EXT4-fs (sda1): re-mounted. Opts: (null)
[[0;32m  OK  [0m] Started Remount Root and Kernel File Systems.
[    7.039130] iscsi: registered transport (tcp)
         Starting Load/Save Random Seed...
[[0;32m  OK  [0m] Started Journal Service.
[[0;32m  OK  [0m] Started Create Static Device Nodes in /dev.
[[0;32m  OK  [0m] Started udev Coldplug all Devices.
         Starting udev Kernel Device Manager...
         Starting Flush Journal to Persistent Storage...
[    7.096690] iscsi: registered transport (iser)
[[0;32m  OK  [0m] Started Load Kernel Modules.
         Mounting Kernel Configuration File System...
         Starting Apply Kernel Variables...
         Mounting FUSE Control File System...
[[0;32m  OK  [0m] Mounted Kernel Configuration File System.
[[0;32m  OK  [0m] Started Monitoring of LVM2 mirrors,…sing dmeventd or progress polling.
[[0;32m  OK  [0m] Started Load/Save Random Seed.
[[0;32m  OK  [0m] Mounted FUSE Control File System.
[    7.131586] systemd-journald[394]: Received request to flush runtime journal from PID 1
[[0;32m  OK  [0m] Started udev Kernel Device Manager.
[[0;32m  OK  [0m] Started Apply Kernel Variables.
[[0;32m  OK  [0m] Started Flush Journal to Persistent Storage.
[[0;32m  OK  [0m] Started Set the console keyboard layout.
[[0;32m  OK  [0m] Reached target Local File Systems (Pre).
[[0;32m  OK  [0m] Reached target Local File Systems.
         Starting Tell Plymouth To Write Out Runtime Data...
         Starting Create Volatile Files and Directories...
         Starting ebtables ruleset management...
         Starting Commit a transient machine-id on disk...
         Starting Set console font and keymap...
         Starting AppArmor initialization...
[[0;32m  OK  [0m] Started Dispatch Password Requests to Console Directory Watch.
[[0;32m  OK  [0m] Reached target Local Encrypted Volumes.
[[0;32m  OK  [0m] Started Tell Plymouth To Write Out Runtime Data.
[[0;32m  OK  [0m] Started Set console font and keymap.
[[0;32m  OK  [0m] Started Create Volatile Files and Directories.
         Starting Update UTMP about System Boot/Shutdown...
[[0;32m  OK  [0m] Started Update UTMP about System Boot/Shutdown.
[[0;32m  OK  [0m] Started Commit a transient machine-id on disk.
[[0;32m  OK  [0m] Started ebtables ruleset management.
[[0;32m  OK  [0m] Found device /dev/ttyS0.
[[0;32m  OK  [0m] Listening on Load/Save RF Kill Switch Status /dev/rfkill Watch.
[[0;32m  OK  [0m] Started AppArmor initialization.
         Starting Initial cloud-init job (pre-networking)...
[    8.793544] cloud-init[555]: Cloud-init v. 19.4-33-gbb4131a2-0ubuntu1~18.04.1 running 'init-local' at Fri, 20 Nov 2020 04:54:46 +0000. Up 8.49 seconds.
[[0;32m  OK  [0m] Started Initial cloud-init job (pre-networking).
[[0;32m  OK  [0m] Reached target Network (Pre).
         Starting Network Service...
[[0;32m  OK  [0m] Started Network Service.
         Starting Wait for Network to be Configured...
         Starting Network Name Resolution...
[[0;32m  OK  [0m] Started Network Name Resolution.
[[0;32m  OK  [0m] Reached target Host and Network Name Lookups.
[[0;32m  OK  [0m] Reached target Network.
[[0;32m  OK  [0m] Started Wait for Network to be Configured.
         Starting Initial cloud-init job (metadata service crawler)...
[   10.949448] cloud-init[657]: Cloud-init v. 19.4-33-gbb4131a2-0ubuntu1~18.04.1 running 'init' at Fri, 20 Nov 2020 04:54:48 +0000. Up 10.83 seconds.
[   10.950775] cloud-init[657]: ci-info: ++++++++++++++++++++++++++++++++++++++Net device info+++++++++++++++++++++++++++++++++++++++
[   10.951694] cloud-init[657]: ci-info: +--------+-------+----------------------------+---------------+--------+-------------------+
[   10.953660] cloud-init[657]: ci-info: | Device |   Up  |          Address           |      Mask     | Scope  |     Hw-Address    |
[   10.955770] cloud-init[657]: ci-info: +--------+-------+----------------------------+---------------+--------+-------------------+
[   10.957591] cloud-init[657]: ci-info: | enp0s3 |  True |         10.0.2.15          | 255.255.255.0 | global | 02:39:67:45:9c:e6 |
[   10.959308] cloud-init[657]: ci-info: | enp0s3 |  True | fe80::39:67ff:fe45:9ce6/64 |       .       |  link  | 02:39:67:45:9c:e6 |
[   10.961234] cloud-init[657]: ci-info: | enp0s8 | False |             .              |       .       |   .    | 08:00:27:4b:9d:32 |
[   10.962847] cloud-init[657]: ci-info: |   lo   |  True |         127.0.0.1          |   255.0.0.0   |  host  |         .         |
[   10.964498] cloud-init[657]: ci-info: |   lo   |  True |          ::1/128           |       .       |  host  |         .         |
[   10.966153] cloud-init[657]: ci-info: +--------+-------+----------------------------+---------------+--------+-------------------+
[   10.967822] cloud-init[657]: ci-info: ++++++++++++++++++++++++++++Route IPv4 info+++++++++++++++++++++++++++++
[   10.969234] cloud-init[657]: ci-info: +-------+-------------+----------+-----------------+-----------+-------+
[   10.971197] cloud-init[657]: ci-info: | Route | Destination | Gateway  |     Genmask     | Interface | Flags |
[   10.972821] cloud-init[657]: ci-info: +-------+-------------+----------+-----------------+-----------+-------+
[   10.988415] cloud-init[657]: ci-info: |   0   |   0.0.0.0   | 10.0.2.2 |     0.0.0.0     |   enp0s3  |   UG  |
[   10.990842] cloud-init[657]: ci-info: |   1   |   10.0.2.0  | 0.0.0.0  |  255.255.255.0  |   enp0s3  |   U   |
[   10.992463] cloud-init[657]: ci-info: |   2   |   10.0.2.2  | 0.0.0.0  | 255.255.255.255 |   enp0s3  |   UH  |
[   10.993952] cloud-init[657]: ci-info: +-------+-------------+----------+-----------------+-----------+-------+
[   10.995823] cloud-init[657]: ci-info: +++++++++++++++++++Route IPv6 info+++++++++++++++++++
[   10.997189] cloud-init[657]: ci-info: +-------+-------------+---------+-----------+-------+
[   10.998195] cloud-init[657]: ci-info: | Route | Destination | Gateway | Interface | Flags |
[   10.999780] cloud-init[657]: ci-info: +-------+-------------+---------+-----------+-------+
[   11.001660] cloud-init[657]: ci-info: |   1   |  fe80::/64  |    ::   |   enp0s3  |   U   |
[   11.003366] cloud-init[657]: ci-info: |   3   |    local    |    ::   |   enp0s3  |   U   |
[   11.005270] cloud-init[657]: ci-info: |   4   |   ff00::/8  |    ::   |   enp0s3  |   U   |
[   11.006588] cloud-init[657]: ci-info: +-------+-------------+---------+-----------+-------+
[   11.472082] cloud-init[657]: Generating public/private rsa key pair.
[   11.473021] cloud-init[657]: Your identification has been saved in /etc/ssh/ssh_host_rsa_key.
[   11.474201] cloud-init[657]: Your public key has been saved in /etc/ssh/ssh_host_rsa_key.pub.
[   11.475342] cloud-init[657]: The key fingerprint is:
[   11.476234] cloud-init[657]: SHA256:AY88XUQQb0sPqoghmilEjBhxnOM1wcv1OfHz2AR8HDI root@ubuntu-bionic
[   11.477388] cloud-init[657]: The key's randomart image is:
[   11.488269] cloud-init[657]: +---[RSA 2048]----+
[   11.489087] cloud-init[657]: |oo.o... o*E...   |
[   11.490277] cloud-init[657]: |+o+ +..=.oooo    |
[   11.491250] cloud-init[657]: |o+ + ++.++=o     |
[   11.491948] cloud-init[657]: |. . o  .+=o+.    |
[   11.504263] cloud-init[657]: |...     S..*.    |
[   11.504933] cloud-init[657]: |o+ o . .  . o    |
[   11.505627] cloud-init[657]: |= . . .          |
[   11.506317] cloud-init[657]: |.                |
[   11.507022] cloud-init[657]: |                 |
[   11.507683] cloud-init[657]: +----[SHA256]-----+
[   11.508227] cloud-init[657]: Generating public/private dsa key pair.
[   11.509146] cloud-init[657]: Your identification has been saved in /etc/ssh/ssh_host_dsa_key.
[   11.510399] cloud-init[657]: Your public key has been saved in /etc/ssh/ssh_host_dsa_key.pub.
[   11.511614] cloud-init[657]: The key fingerprint is:
[   11.512404] cloud-init[657]: SHA256:L7mG6aIq/FszRRAdO12rmeP7O9sX3B6mO4cHYrxlfTk root@ubuntu-bionic
[   11.513787] cloud-init[657]: The key's randomart image is:
[   11.515218] cloud-init[657]: +---[DSA 1024]----+
[   11.516153] cloud-init[657]: |     oo..  .     |
[   11.517009] cloud-init[657]: |      ..o . .    |
[   11.517909] cloud-init[657]: |       + . .     |
[   11.518777] cloud-init[657]: |      . . +      |
[   11.519467] cloud-init[657]: |       .S=.   o o|
[   11.520211] cloud-init[657]: |      . .o.+ + Eo|
[   11.521246] cloud-init[657]: |.    + oo.o = =.=|
[   11.522108] cloud-init[657]: |..  o = .o.o.+ +.|
[   11.522790] cloud-init[657]: |o.o+.o.....++o*  |
[   11.523459] cloud-init[657]: +----[SHA256]-----+
[   11.524144] cloud-init[657]: Generating public/private ecdsa key pair.
[   11.525195] cloud-init[657]: Your identification has been saved in /etc/ssh/ssh_host_ecdsa_key.
[   11.526420] cloud-init[657]: Your public key has been saved in /etc/ssh/ssh_host_ecdsa_key.pub.
[   11.527623] cloud-init[657]: The key fingerprint is:
[   11.528563] cloud-init[657]: SHA256:6OI4dO61hVNJcslp+jJdY3QICfiI+SN3B4u20EhRPhY root@ubuntu-bionic
[   11.529911] cloud-init[657]: The key's randomart image is:
[   11.530705] cloud-init[657]: +---[ECDSA 256]---+
[   11.531380] cloud-init[657]: |   .E.....       |
[   11.532121] cloud-init[657]: |  .... ..+ .     |
[   11.532841] cloud-init[657]: |   ++o. B o .    |
[   11.533579] cloud-init[657]: |  +...oB o .     |
[   11.544609] cloud-init[657]: | . + .ooS +      |
[   11.545734] cloud-init[657]: |  = O.o=.o .     |
[   11.546696] cloud-init[657]: | . B.+B.+        |
[   11.547430] cloud-init[657]: |  .ooo *         |
[   11.548098] cloud-init[657]: |  .oo .          |
[   11.548796] cloud-init[657]: +----[SHA256]-----+
[   11.549500] cloud-init[657]: Generating public/private ed25519 key pair.
[   11.550434] cloud-init[657]: Your identification has been saved in /etc/ssh/ssh_host_ed25519_key.
[   11.551799] cloud-init[657]: Your public key has been saved in /etc/ssh/ssh_host_ed25519_key.pub.
[   11.553364] cloud-init[657]: The key fingerprint is:
[   11.564718] cloud-init[657]: SHA256:t0peBVllu9aRly+Ci5gpa2TNYV++0FFObMUFVQAvlW8 root@ubuntu-bionic
[   11.564786] cloud-init[657]: The key's randomart image is:
[   11.565327] cloud-init[657]: +--[ED25519 256]--+
[   11.566171] cloud-init[657]: |           .o=B*=|
[   11.566969] cloud-init[657]: |           o=+o.o|
[   11.567486] cloud-init[657]: |          o=. o=.|
[   11.568320] cloud-init[657]: |      o   oo.. oE|
[   11.568875] cloud-init[657]: |     + oS+o.o +.o|
[   11.569879] cloud-init[657]: |    o o+ooo+ o . |
[   11.570981] cloud-init[657]: |   o. + o.+.     |
[   11.571428] cloud-init[657]: |    .o o o.      |
[   11.572007] cloud-init[657]: |   ..   o        |
[   11.572361] cloud-init[657]: +----[SHA256]-----+
[[0;32m  OK  [0m] Started Initial cloud-init job (metadata service crawler).
[[0;32m  OK  [0m] Reached target System Initialization.
         Starting Socket activation for snappy daemon.
[[0;32m  OK  [0m] Started Daily apt download activities.
[[0;32m  OK  [0m] Started Daily apt upgrade and clean activities.
[[0;32m  OK  [0m] Started Daily Cleanup of Temporary Directories.
[[0;32m  OK  [0m] Started Message of the Day.
[[0;32m  OK  [0m] Listening on ACPID Listen Socket.
         Starting LXD - unix socket.
[[0;32m  OK  [0m] Started Discard unused blocks once a week.
[[0;32m  OK  [0m] Listening on UUID daemon activation socket.
[[0;32m  OK  [0m] Started ACPI Events Check.
[[0;32m  OK  [0m] Reached target Paths.
[[0;32m  OK  [0m] Reached target Timers.
[[0;32m  OK  [0m] Listening on D-Bus System Message Bus Socket.
[[0;32m  OK  [0m] Listening on Open-iSCSI iscsid Socket.
[[0;32m  OK  [0m] Reached target Cloud-config availability.
[[0;32m  OK  [0m] Reached target Network is Online.
[[0;32m  OK  [0m] Reached target Remote File Systems (Pre).
[[0;32m  OK  [0m] Reached target Remote File Systems.
         Starting Availability of block devices...
[[0;32m  OK  [0m] Listening on Socket activation for snappy daemon.
[[0;32m  OK  [0m] Listening on LXD - unix socket.
[[0;32m  OK  [0m] Started Availability of block devices.
[[0;32m  OK  [0m] Reached target Sockets.
[[0;32m  OK  [0m] Reached target Basic System.
         Starting Login Service...
         Starting Virtualbox guest utils...
         Starting Pollinate to seed the pseudo random number generator...
         Starting LSB: automatic crash report generation...
[[0;32m  OK  [0m] Started Regular background program processing daemon.
[[0;32m  OK  [0m] Started FUSE filesystem for LXC.
         Starting Permit User Sessions...
[[0;32m  OK  [0m] Started D-Bus System Message Bus.
         Starting System Logging Service...
         Starting Accounts Service...
         Starting Dispatcher daemon for systemd-networkd...
[[0;32m  OK  [0m] Started Deferred execution scheduler.
         Starting LXD - container startup/shutdown...
[[0;32m  OK  [0m] Started irqbalance daemon.
         Starting LSB: Record successful boot for GRUB...
         Starting Snappy daemon...
[[0;32m  OK  [0m] Started System Logging Service.
[[0;32m  OK  [0m] Started Permit User Sessions.
[[0;32m  OK  [0m] Started Login Service.
[[0;32m  OK  [0m] Started LXD - container startup/shutdown.
         Starting Authorization Manager...
[[0;32m  OK  [0m] Started Unattended Upgrades Shutdown.
         Starting Terminate Plymouth Boot Screen...
         Starting Hold until boot process finishes up...
[[0;32m  OK  [0m] Started Terminate Plymouth Boot Screen.
[[0;32m  OK  [0m] Started Hold until boot process finishes up.
[[0;32m  OK  [0m] Started Serial Getty on ttyS0.
         Starting Set console scheme...
[[0;32m  OK  [0m] Started LSB: automatic crash report generation.
[[0;32m  OK  [0m] Started Set console scheme.
[[0;32m  OK  [0m] Created slice system-getty.slice.
[[0;32m  OK  [0m] Started Getty on tty1.
[[0;32m  OK  [0m] Reached target Login Prompts.
[[0;32m  OK  [0m] Started LSB: Record successful boot for GRUB.
[[0;32m  OK  [0m] Started Authorization Manager.
[[0;32m  OK  [0m] Started Accounts Service.
[[0;32m  OK  [0m] Started Virtualbox guest utils.
[[0;32m  OK  [0m] Started Dispatcher daemon for systemd-networkd.
[[0;32m  OK  [0m] Started Snappy daemon.
         Starting Wait until snapd is fully seeded...
[[0;32m  OK  [0m] Started Pollinate to seed the pseudo random number generator.
         Starting OpenBSD Secure Shell server...
[[0;32m  OK  [0m] Started OpenBSD Secure Shell server.
[[0;32m  OK  [0m] Created slice User Slice of vagrant.
         Starting User Manager for UID 1000...
[[0;32m  OK  [0m] Started Session 1 of user vagrant.
[[0;32m  OK  [0m] Started User Manager for UID 1000.
[[0;32m  OK  [0m] Started Wait until snapd is fully seeded.
         Starting Apply the settings specified in cloud-config...
[[0;32m  OK  [0m] Reached target Multi-User System.
[[0;32m  OK  [0m] Reached target Graphical Interface.
         Starting Update UTMP about System Runlevel Changes...
[[0;32m  OK  [0m] Started Update UTMP about System Runlevel Changes.
[   15.496420] cloud-init[1287]: Cloud-init v. 19.4-33-gbb4131a2-0ubuntu1~18.04.1 running 'modules:config' at Fri, 20 Nov 2020 04:54:52 +0000. Up 15.10 seconds.
[[0;32m  OK  [0m] Started Apply the settings specified in cloud-config.
         Starting Execute cloud user/final scripts...
         Stopping User Manager for UID 1000...
[[0;32m  OK  [0m] Stopped User Manager for UID 1000.
[[0;32m  OK  [0m] Removed slice User Slice of vagrant.
[[0;32m  OK  [0m] Created slice User Slice of vagrant.
         Starting User Manager for UID 1000...
[[0;32m  OK  [0m] Started Session 3 of user vagrant.
[[0;32m  OK  [0m] Started User Manager for UID 1000.
ci-info: no authorized SSH keys fingerprints found for user ubuntu.
<14>Nov 20 04:54:53 ec2: 
<14>Nov 20 04:54:53 ec2: #############################################################
<14>Nov 20 04:54:53 ec2: -----BEGIN SSH HOST KEY FINGERPRINTS-----
<14>Nov 20 04:54:53 ec2: 1024 SHA256:L7mG6aIq/FszRRAdO12rmeP7O9sX3B6mO4cHYrxlfTk root@ubuntu-bionic (DSA)
<14>Nov 20 04:54:53 ec2: 256 SHA256:6OI4dO61hVNJcslp+jJdY3QICfiI+SN3B4u20EhRPhY root@ubuntu-bionic (ECDSA)
<14>Nov 20 04:54:53 ec2: 256 SHA256:t0peBVllu9aRly+Ci5gpa2TNYV++0FFObMUFVQAvlW8 root@ubuntu-bionic (ED25519)
<14>Nov 20 04:54:53 ec2: 2048 SHA256:AY88XUQQb0sPqoghmilEjBhxnOM1wcv1OfHz2AR8HDI root@ubuntu-bionic (RSA)
<14>Nov 20 04:54:53 ec2: -----END SSH HOST KEY FINGERPRINTS-----
<14>Nov 20 04:54:53 ec2: #############################################################
-----BEGIN SSH HOST KEY KEYS-----
ecdsa-sha2-nistp256 AAAAE2VjZHNhLXNoYTItbmlzdHAyNTYAAAAIbmlzdHAyNTYAAABBBC5ttQLniaWoDFvhkUwNp2J8EscLE6pb3uEOc7SPt4eBh7j+2dOUKRiJJFPh/LxPmkWpPRcu/Uj5FLGcJ3qS4mc= root@ubuntu-bionic
ssh-ed25519 AAAAC3NzaC1lZDI1NTE5AAAAIJEXcdQVY+MNUX7exrtxhOJBg53qAUXICrZJeTJ+YCz+ root@ubuntu-bionic
ssh-rsa AAAAB3NzaC1yc2EAAAADAQABAAABAQCnWQzLYZ0LvSkNXv0V8g+SyHlw/Eh5+fCfUN0Yn8FbwpJsbN1hN+kHDElbx4V+hbbNY+ILnO+jw0nFXxARKRTP0pzGsUH74bQStP6Q8QmlpUY2A4ZRZNMf92WNyOgWu7oF4myHptVb2ONdfuZfGw8459PfeAx6eDNFAtLGXd8qXBwXXx1qMQI9vjrFrXfK55C6tgc1sXAMLsUmFlRkIkkBeJkdQ/HM5O5iXygRfq6haGR5jlaJ1sNR2Ssg/lTxddTMY6TfpynGSjTyW+o5jvUVUnxPDrT2S7qjvJ2ITsdZpNrZSgOIVkqdhrNI7hbuM8DVxZHTrC/7pLFBF+apvAjL root@ubuntu-bionic
-----END SSH HOST KEY KEYS-----
[   16.154781] cloud-init[1484]: Cloud-init v. 19.4-33-gbb4131a2-0ubuntu1~18.04.1 running 'modules:final' at Fri, 20 Nov 2020 04:54:53 +0000. Up 16.00 seconds.
[   16.168217] cloud-init[1484]: ci-info: no authorized SSH keys fingerprints found for user ubuntu.
[   16.180246] cloud-init[1484]: Cloud-init v. 19.4-33-gbb4131a2-0ubuntu1~18.04.1 finished at Fri, 20 Nov 2020 04:54:53 +0000. Datasource DataSourceNoCloud [seed=/dev/sdb][dsmode=net].  Up 16.14 seconds
[[0;32m  OK  [0m] Started Execute cloud user/final scripts.
[[0;32m  OK  [0m] Reached target Cloud-init target.

Ubuntu 18.04.4 LTS ubuntu-bionic ttyS0

ubuntu-bionic login: 